Archive member included to satisfy reference by file (symbol)

C:/ST/STM32CubeIDE_1.13.1/STM32CubeIDE/plugins/com.st.stm32cube.ide.mcu.externaltools.gnu-tools-for-stm32.11.3.rel1.win32_1.1.0.202305231506/tools/bin/../lib/gcc/arm-none-eabi/11.3.1/../../../../arm-none-eabi/lib/thumb/v7e-m+fp/hard\libc_nano.a(libc_a-atoi.o)
                              ./LoRa/RYLR896.o (atoi)
C:/ST/STM32CubeIDE_1.13.1/STM32CubeIDE/plugins/com.st.stm32cube.ide.mcu.externaltools.gnu-tools-for-stm32.11.3.rel1.win32_1.1.0.202305231506/tools/bin/../lib/gcc/arm-none-eabi/11.3.1/../../../../arm-none-eabi/lib/thumb/v7e-m+fp/hard\libc_nano.a(libc_a-exit.o)
                              C:/ST/STM32CubeIDE_1.13.1/STM32CubeIDE/plugins/com.st.stm32cube.ide.mcu.externaltools.gnu-tools-for-stm32.11.3.rel1.win32_1.1.0.202305231506/tools/bin/../lib/gcc/arm-none-eabi/11.3.1/../../../../arm-none-eabi/lib/thumb/v7e-m+fp/hard/crt0.o (exit)
C:/ST/STM32CubeIDE_1.13.1/STM32CubeIDE/plugins/com.st.stm32cube.ide.mcu.externaltools.gnu-tools-for-stm32.11.3.rel1.win32_1.1.0.202305231506/tools/bin/../lib/gcc/arm-none-eabi/11.3.1/../../../../arm-none-eabi/lib/thumb/v7e-m+fp/hard\libc_nano.a(libc_a-itoa.o)
                              ./Core/Src/main.o (itoa)
C:/ST/STM32CubeIDE_1.13.1/STM32CubeIDE/plugins/com.st.stm32cube.ide.mcu.externaltools.gnu-tools-for-stm32.11.3.rel1.win32_1.1.0.202305231506/tools/bin/../lib/gcc/arm-none-eabi/11.3.1/../../../../arm-none-eabi/lib/thumb/v7e-m+fp/hard\libc_nano.a(libc_a-strtol.o)
                              C:/ST/STM32CubeIDE_1.13.1/STM32CubeIDE/plugins/com.st.stm32cube.ide.mcu.externaltools.gnu-tools-for-stm32.11.3.rel1.win32_1.1.0.202305231506/tools/bin/../lib/gcc/arm-none-eabi/11.3.1/../../../../arm-none-eabi/lib/thumb/v7e-m+fp/hard\libc_nano.a(libc_a-atoi.o) (_strtol_r)
C:/ST/STM32CubeIDE_1.13.1/STM32CubeIDE/plugins/com.st.stm32cube.ide.mcu.externaltools.gnu-tools-for-stm32.11.3.rel1.win32_1.1.0.202305231506/tools/bin/../lib/gcc/arm-none-eabi/11.3.1/../../../../arm-none-eabi/lib/thumb/v7e-m+fp/hard\libc_nano.a(libc_a-utoa.o)
                              C:/ST/STM32CubeIDE_1.13.1/STM32CubeIDE/plugins/com.st.stm32cube.ide.mcu.externaltools.gnu-tools-for-stm32.11.3.rel1.win32_1.1.0.202305231506/tools/bin/../lib/gcc/arm-none-eabi/11.3.1/../../../../arm-none-eabi/lib/thumb/v7e-m+fp/hard\libc_nano.a(libc_a-itoa.o) (__utoa)
C:/ST/STM32CubeIDE_1.13.1/STM32CubeIDE/plugins/com.st.stm32cube.ide.mcu.externaltools.gnu-tools-for-stm32.11.3.rel1.win32_1.1.0.202305231506/tools/bin/../lib/gcc/arm-none-eabi/11.3.1/../../../../arm-none-eabi/lib/thumb/v7e-m+fp/hard\libc_nano.a(libc_a-ctype_.o)
                              C:/ST/STM32CubeIDE_1.13.1/STM32CubeIDE/plugins/com.st.stm32cube.ide.mcu.externaltools.gnu-tools-for-stm32.11.3.rel1.win32_1.1.0.202305231506/tools/bin/../lib/gcc/arm-none-eabi/11.3.1/../../../../arm-none-eabi/lib/thumb/v7e-m+fp/hard\libc_nano.a(libc_a-strtol.o) (_ctype_)
C:/ST/STM32CubeIDE_1.13.1/STM32CubeIDE/plugins/com.st.stm32cube.ide.mcu.externaltools.gnu-tools-for-stm32.11.3.rel1.win32_1.1.0.202305231506/tools/bin/../lib/gcc/arm-none-eabi/11.3.1/../../../../arm-none-eabi/lib/thumb/v7e-m+fp/hard\libc_nano.a(libc_a-findfp.o)
                              C:/ST/STM32CubeIDE_1.13.1/STM32CubeIDE/plugins/com.st.stm32cube.ide.mcu.externaltools.gnu-tools-for-stm32.11.3.rel1.win32_1.1.0.202305231506/tools/bin/../lib/gcc/arm-none-eabi/11.3.1/../../../../arm-none-eabi/lib/thumb/v7e-m+fp/hard\libc_nano.a(libc_a-exit.o) (__stdio_exit_handler)
C:/ST/STM32CubeIDE_1.13.1/STM32CubeIDE/plugins/com.st.stm32cube.ide.mcu.externaltools.gnu-tools-for-stm32.11.3.rel1.win32_1.1.0.202305231506/tools/bin/../lib/gcc/arm-none-eabi/11.3.1/../../../../arm-none-eabi/lib/thumb/v7e-m+fp/hard\libc_nano.a(libc_a-fwalk.o)
                              C:/ST/STM32CubeIDE_1.13.1/STM32CubeIDE/plugins/com.st.stm32cube.ide.mcu.externaltools.gnu-tools-for-stm32.11.3.rel1.win32_1.1.0.202305231506/tools/bin/../lib/gcc/arm-none-eabi/11.3.1/../../../../arm-none-eabi/lib/thumb/v7e-m+fp/hard\libc_nano.a(libc_a-findfp.o) (_fwalk_sglue)
C:/ST/STM32CubeIDE_1.13.1/STM32CubeIDE/plugins/com.st.stm32cube.ide.mcu.externaltools.gnu-tools-for-stm32.11.3.rel1.win32_1.1.0.202305231506/tools/bin/../lib/gcc/arm-none-eabi/11.3.1/../../../../arm-none-eabi/lib/thumb/v7e-m+fp/hard\libc_nano.a(libc_a-sprintf.o)
                              ./STRING/STR_Chelo.o (sprintf)
C:/ST/STM32CubeIDE_1.13.1/STM32CubeIDE/plugins/com.st.stm32cube.ide.mcu.externaltools.gnu-tools-for-stm32.11.3.rel1.win32_1.1.0.202305231506/tools/bin/../lib/gcc/arm-none-eabi/11.3.1/../../../../arm-none-eabi/lib/thumb/v7e-m+fp/hard\libc_nano.a(libc_a-stdio.o)
                              C:/ST/STM32CubeIDE_1.13.1/STM32CubeIDE/plugins/com.st.stm32cube.ide.mcu.externaltools.gnu-tools-for-stm32.11.3.rel1.win32_1.1.0.202305231506/tools/bin/../lib/gcc/arm-none-eabi/11.3.1/../../../../arm-none-eabi/lib/thumb/v7e-m+fp/hard\libc_nano.a(libc_a-findfp.o) (__sread)
[...]
Memory Configuration

Name             Origin             Length             Attributes
RAM              0x0000000020000000 0x0000000000020000 xrw
FLASH            0x0000000008000000 0x0000000000080000 xr
*default*        0x0000000000000000 0xffffffffffffffff

Linker script and memory map

LOAD C:/ST/STM32CubeIDE_1.13.1/STM32CubeIDE/plugins/com.st.stm32cube.ide.mcu.externaltools.gnu-tools-for-stm32.11.3.rel1.win32_1.1.0.202305231506/tools/bin/../lib/gcc/arm-none-eabi/11.3.1/thumb/v7e-m+fp/hard/crti.o
LOAD C:/ST/STM32CubeIDE_1.13.1/STM32CubeIDE/plugins/com.st.stm32cube.ide.mcu.externaltools.gnu-tools-for-stm32.11.3.rel1.win32_1.1.0.202305231506/tools/bin/../lib/gcc/arm-none-eabi/11.3.1/thumb/v7e-m+fp/hard/crtbegin.o
LOAD C:/ST/STM32CubeIDE_1.13.1/STM32CubeIDE/plugins/com.st.stm32cube.ide.mcu.externaltools.gnu-tools-for-stm32.11.3.rel1.win32_1.1.0.202305231506/tools/bin/../lib/gcc/arm-none-eabi/11.3.1/../../../../arm-none-eabi/lib/thumb/v7e-m+fp/hard/crt0.o
LOAD ./Core/Src/main.o
LOAD ./Core/Src/stm32f4xx_hal_msp.o
LOAD ./Core/Src/stm32f4xx_it.o
LOAD ./Core/Src/syscalls.o
LOAD ./Core/Src/sysmem.o
LOAD ./Core/Src/system_stm32f4xx.o
LOAD ./Core/Startup/startup_stm32f411ceux.o
LOAD ./Drivers/STM32F4xx_HAL_Driver/Src/stm32f4xx_hal.o
LOAD ./Drivers/STM32F4xx_HAL_Driver/Src/stm32f4xx_hal_cortex.o
LOAD ./Drivers/STM32F4xx_HAL_Driver/Src/stm32f4xx_hal_dma.o
LOAD ./Drivers/STM32F4xx_HAL_Driver/Src/stm32f4xx_hal_dma_ex.o
LOAD ./Drivers/STM32F4xx_HAL_Driver/Src/stm32f4xx_hal_exti.o
LOAD ./Drivers/STM32F4xx_HAL_Driver/Src/stm32f4xx_hal_flash.o
LOAD ./Drivers/STM32F4xx_HAL_Driver/Src/stm32f4xx_hal_flash_ex.o
LOAD ./Drivers/STM32F4xx_HAL_Driver/Src/stm32f4xx_hal_flash_ramfunc.o
LOAD ./Drivers/STM32F4xx_HAL_Driver/Src/stm32f4xx_hal_gpio.o
LOAD ./Drivers/STM32F4xx_HAL_Driver/Src/stm32f4xx_hal_pwr.o
LOAD ./Drivers/STM32F4xx_HAL_Driver/Src/stm32f4xx_hal_pwr_ex.o
LOAD ./Drivers/STM32F4xx_HAL_Driver/Src/stm32f4xx_hal_rcc.o
LOAD ./Drivers/STM32F4xx_HAL_Driver/Src/stm32f4xx_hal_rcc_ex.o
LOAD ./Drivers/STM32F4xx_HAL_Driver/Src/stm32f4xx_hal_spi.o
LOAD ./Drivers/STM32F4xx_HAL_Driver/Src/stm32f4xx_hal_tim.o
LOAD ./Drivers/STM32F4xx_HAL_Driver/Src/stm32f4xx_hal_tim_ex.o
LOAD ./Drivers/STM32F4xx_HAL_Driver/Src/stm32f4xx_hal_uart.o
LOAD ./ESP8266/ESP8266_Chelo.o
LOAD ./HTTP/http.o
LOAD ./LoRa/RYLR896.o
LOAD ./ModBUS/ModBUS_Chelo.o
LOAD ./STM32_ETH_W5100/ETH_W5100.o
LOAD ./STRING/STR_Chelo.o
START GROUP
LOAD C:/ST/STM32CubeIDE_1.13.1/STM32CubeIDE/plugins/com.st.stm32cube.ide.mcu.externaltools.gnu-tools-for-stm32.11.3.rel1.win32_1.1.0.202305231506/tools/bin/../lib/gcc/arm-none-eabi/11.3.1/../../../../arm-none-eabi/lib/thumb/v7e-m+fp/hard\libc_nano.a
LOAD C:/ST/STM32CubeIDE_1.13.1/STM32CubeIDE/plugins/com.st.stm32cube.ide.mcu.externaltools.gnu-tools-for-stm32.11.3.rel1.win32_1.1.0.202305231506/tools/bin/../lib/gcc/arm-none-eabi/11.3.1/../../../../arm-none-eabi/lib/thumb/v7e-m+fp/hard\libm.a
END GROUP
START GROUP
LOAD C:/ST/STM32CubeIDE_1.13.1/STM32CubeIDE/plugins/com.st.stm32cube.ide.mcu.externaltools.gnu-tools-for-stm32.11.3.rel1.win32_1.1.0.202305231506/tools/bin/../lib/gcc/arm-none-eabi/11.3.1/thumb/v7e-m+fp/hard\libgcc.a
LOAD C:/ST/STM32CubeIDE_1.13.1/STM32CubeIDE/plugins/com.st.stm32cube.ide.mcu.externaltools.gnu-tools-for-stm32.11.3.rel1.win32_1.1.0.202305231506/tools/bin/../lib/gcc/arm-none-eabi/11.3.1/../../../../arm-none-eabi/lib/thumb/v7e-m+fp/hard\libc_nano.a
END GROUP
START GROUP
LOAD C:/ST/STM32CubeIDE_1.13.1/STM32CubeIDE/plugins/com.st.stm32cube.ide.mcu.externaltools.gnu-tools-for-stm32.11.3.rel1.win32_1.1.0.202305231506/tools/bin/../lib/gcc/arm-none-eabi/11.3.1/thumb/v7e-m+fp/hard\libgcc.a
LOAD C:/ST/STM32CubeIDE_1.13.1/STM32CubeIDE/plugins/com.st.stm32cube.ide.mcu.externaltools.gnu-tools-for-stm32.11.3.rel1.win32_1.1.0.202305231506/tools/bin/../lib/gcc/arm-none-eabi/11.3.1/../../../../arm-none-eabi/lib/thumb/v7e-m+fp/hard\libc_nano.a
LOAD C:/ST/STM32CubeIDE_1.13.1/STM32CubeIDE/plugins/com.st.stm32cube.ide.mcu.externaltools.gnu-tools-for-stm32.11.3.rel1.win32_1.1.0.202305231506/tools/bin/../lib/gcc/arm-none-eabi/11.3.1/../../../../arm-none-eabi/lib/thumb/v7e-m+fp/hard\libnosys.a
END GROUP
START GROUP
LOAD C:/ST/STM32CubeIDE_1.13.1/STM32CubeIDE/plugins/com.st.stm32cube.ide.mcu.externaltools.gnu-tools-for-stm32.11.3.rel1.win32_1.1.0.202305231506/tools/bin/../lib/gcc/arm-none-eabi/11.3.1/thumb/v7e-m+fp/hard\libgcc.a
LOAD C:/ST/STM32CubeIDE_1.13.1/STM32CubeIDE/plugins/com.st.stm32cube.ide.mcu.externaltools.gnu-tools-for-stm32.11.3.rel1.win32_1.1.0.202305231506/tools/bin/../lib/gcc/arm-none-eabi/11.3.1/../../../../arm-none-eabi/lib/thumb/v7e-m+fp/hard\libc_nano.a
LOAD C:/ST/STM32CubeIDE_1.13.1/STM32CubeIDE/plugins/com.st.stm32cube.ide.mcu.externaltools.gnu-tools-for-stm32.11.3.rel1.win32_1.1.0.202305231506/tools/bin/../lib/gcc/arm-none-eabi/11.3.1/../../../../arm-none-eabi/lib/thumb/v7e-m+fp/hard\libnosys.a
END GROUP
LOAD C:/ST/STM32CubeIDE_1.13.1/STM32CubeIDE/plugins/com.st.stm32cube.ide.mcu.externaltools.gnu-tools-for-stm32.11.3.rel1.win32_1.1.0.202305231506/tools/bin/../lib/gcc/arm-none-eabi/11.3.1/thumb/v7e-m+fp/hard/crtend.o
LOAD C:/ST/STM32CubeIDE_1.13.1/STM32CubeIDE/plugins/com.st.stm32cube.ide.mcu.externaltools.gnu-tools-for-stm32.11.3.rel1.win32_1.1.0.202305231506/tools/bin/../lib/gcc/arm-none-eabi/11.3.1/thumb/v7e-m+fp/hard/crtn.o
                0x0000000020020000                _estack = (ORIGIN (RAM) + LENGTH (RAM))
                0x0000000000000200                _Min_Heap_Size = 0x200
                0x0000000000000400                _Min_Stack_Size = 0x400

.isr_vector     0x0000000008000000      0x198
                0x0000000008000000                . = ALIGN (0x4)
 *(.isr_vector)
 .isr_vector    0x0000000008000000      0x198 ./Core/Startup/startup_stm32f411ceux.o
                0x0000000008000000                g_pfnVectors
                0x0000000008000198                . = ALIGN (0x4)

.text           0x00000000080001a0     0xffb8
                0x00000000080001a0                . = ALIGN (0x4)
 *(.text)
 .text          0x00000000080001a0       0x40 C:/ST/STM32CubeIDE_1.13.1/STM32CubeIDE/plugins/com.st.stm32cube.ide.mcu.externaltools.gnu-tools-for-stm32.11.3.rel1.win32_1.1.0.202305231506/tools/bin/../lib/gcc/arm-none-eabi/11.3.1/thumb/v7e-m+fp/hard/crtbegin.o
 .text          0x00000000080001e0       0x14 C:/ST/STM32CubeIDE_1.13.1/STM32CubeIDE/plugins/com.st.stm32cube.ide.mcu.externaltools.gnu-tools-for-stm32.11.3.rel1.win32_1.1.0.202305231506/tools/bin/../lib/gcc/arm-none-eabi/11.3.1/../../../../arm-none-eabi/lib/thumb/v7e-m+fp/hard\libc_nano.a(libc_a-strcmp.o)
                0x00000000080001e0                strcmp
 .text          0x00000000080001f4       0x10 C:/ST/STM32CubeIDE_1.13.1/STM32CubeIDE/plugins/com.st.stm32cube.ide.mcu.externaltools.gnu-tools-for-stm32.11.3.rel1.win32_1.1.0.202305231506/tools/bin/../lib/gcc/arm-none-eabi/11.3.1/../../../../arm-none-eabi/lib/thumb/v7e-m+fp/hard\libc_nano.a(libc_a-strlen.o)
                0x00000000080001f4                strlen
 *fill*         0x0000000008000204        0xc 
 .text          0x0000000008000210       0xa0 C:/ST/STM32CubeIDE_1.13.1/STM32CubeIDE/plugins/com.st.stm32cube.ide.mcu.externaltools.gnu-tools-for-stm32.11.3.rel1.win32_1.1.0.202305231506/tools/bin/../lib/gcc/arm-none-eabi/11.3.1/../../../../arm-none-eabi/lib/thumb/v7e-m+fp/hard\libc_nano.a(libc_a-memchr.o)
                0x0000000008000210                memchr
 .text          0x00000000080002b0       0x30 C:/ST/STM32CubeIDE_1.13.1/STM32CubeIDE/plugins/com.st.stm32cube.ide.mcu.externaltools.gnu-tools-for-stm32.11.3.rel1.win32_1.1.0.202305231506/tools/bin/../lib/gcc/arm-none-eabi/11.3.1/thumb/v7e-m+fp/hard\libgcc.a(_aeabi_uldivmod.o)
                0x00000000080002b0                __aeabi_uldivmod
 .text          0x00000000080002e0      0x2c8 C:/ST/STM32CubeIDE_1.13.1/STM32CubeIDE/plugins/com.st.stm32cube.ide.mcu.externaltools.gnu-tools-for-stm32.11.3.rel1.win32_1.1.0.202305231506/tools/bin/../lib/gcc/arm-none-eabi/11.3.1/thumb/v7e-m+fp/hard\libgcc.a(_udivmoddi4.o)
                0x00000000080002e0                __udivmoddi4
 .text          0x00000000080005a8        0x4 C:/ST/STM32CubeIDE_1.13.1/STM32CubeIDE/plugins/com.st.stm32cube.ide.mcu.externaltools.gnu-tools-for-stm32.11.3.rel1.win32_1.1.0.202305231506/tools/bin/../lib/gcc/arm-none-eabi/11.3.1/thumb/v7e-m+fp/hard\libgcc.a(_dvmd_tls.o)
                0x00000000080005a8                __aeabi_idiv0
                0x00000000080005a8                __aeabi_ldiv0
 *(.text*)
 .text.__NVIC_SetPriority
                0x00000000080005ac       0x54 ./Core/Src/main.o
 .text.SysTick_Config
                0x0000000008000600       0x44 ./Core/Src/main.o
 .text.ITM_SendChar
                0x0000000008000644       0x4e ./Core/Src/main.o
 *fill*         0x0000000008000692        0x2 
 .text.main     0x0000000008000694      0x990 ./Core/Src/main.o
                0x0000000008000694                main
 .text.SystemClock_Config
                0x0000000008001024       0xd0 ./Core/Src/main.o
                0x0000000008001024                SystemClock_Config
 .text.MX_SPI1_Init
                0x00000000080010f4       0x6c ./Core/Src/main.o
 .text.MX_TIM2_Init
                0x0000000008001160       0xf4 ./Core/Src/main.o
 .text.MX_TIM3_Init
                0x0000000008001254       0xf8 ./Core/Src/main.o
 .text.MX_USART1_UART_Init
                0x000000000800134c       0x54 ./Core/Src/main.o
 .text.MX_USART2_UART_Init
                0x00000000080013a0       0x54 ./Core/Src/main.o
 .text.MX_USART6_UART_Init
                0x00000000080013f4       0x54 ./Core/Src/main.o
 .text.MX_GPIO_Init
                0x0000000008001448      0x110 ./Core/Src/main.o
 .text.ITM0_Write
                0x0000000008001558       0x36 ./Core/Src/main.o
                0x0000000008001558                ITM0_Write
 *fill*         0x000000000800158e        0x2 
 .text.SysTick_Handler
                0x0000000008001590      0xab0 ./Core/Src/main.o
                0x0000000008001590                SysTick_Handler
 .text.HAL_UART_ErrorCallback
                0x0000000008002040       0xa8 ./Core/Src/main.o
                0x0000000008002040                HAL_UART_ErrorCallback
 .text.HAL_UART_RxCpltCallback
                0x00000000080020e8       0xf8 ./Core/Src/main.o
                0x00000000080020e8                HAL_UART_RxCpltCallback
 .text.HAL_TIM_OC_DelayElapsedCallback
                0x00000000080021e0      0x15c ./Core/Src/main.o
                0x00000000080021e0                HAL_TIM_OC_DelayElapsedCallback
 .text.ESP8266_HW_Reset
                0x000000000800233c       0x50 ./Core/Src/main.o
                0x000000000800233c                ESP8266_HW_Reset
 .text.ESP8266_HW_Init
                0x000000000800238c      0x154 ./Core/Src/main.o
                0x000000000800238c                ESP8266_HW_Init
 .text.Error_Handler
                0x00000000080024e0        0xa ./Core/Src/main.o
                0x00000000080024e0                Error_Handler
 *fill*         0x00000000080024ea        0x2 
 .text.HAL_MspInit
                0x00000000080024ec       0x50 ./Core/Src/stm32f4xx_hal_msp.o
                0x00000000080024ec                HAL_MspInit
 .text.HAL_SPI_MspInit
                0x000000000800253c       0x90 ./Core/Src/stm32f4xx_hal_msp.o
                0x000000000800253c                HAL_SPI_MspInit
 .text.HAL_TIM_Base_MspInit
                0x00000000080025cc       0x88 ./Core/Src/stm32f4xx_hal_msp.o
                0x00000000080025cc                HAL_TIM_Base_MspInit
 .text.HAL_UART_MspInit
                0x0000000008002654      0x184 ./Core/Src/stm32f4xx_hal_msp.o
                0x0000000008002654                HAL_UART_MspInit
 .text.HAL_UART_MspDeInit
                0x00000000080027d8       0x94 ./Core/Src/stm32f4xx_hal_msp.o
                0x00000000080027d8                HAL_UART_MspDeInit
 .text.NMI_Handler
                0x000000000800286c        0x6 ./Core/Src/stm32f4xx_it.o
                0x000000000800286c                NMI_Handler
 .text.HardFault_Handler
                0x0000000008002872        0x6 ./Core/Src/stm32f4xx_it.o
                0x0000000008002872                HardFault_Handler
 .text.MemManage_Handler
                0x0000000008002878        0x6 ./Core/Src/stm32f4xx_it.o
                0x0000000008002878                MemManage_Handler
 .text.BusFault_Handler
                0x000000000800287e        0x6 ./Core/Src/stm32f4xx_it.o
                0x000000000800287e                BusFault_Handler
 .text.UsageFault_Handler
                0x0000000008002884        0x6 ./Core/Src/stm32f4xx_it.o
                0x0000000008002884                UsageFault_Handler
 .text.SVC_Handler
                0x000000000800288a        0xe ./Core/Src/stm32f4xx_it.o
                0x000000000800288a                SVC_Handler
 .text.DebugMon_Handler
                0x0000000008002898        0xe ./Core/Src/stm32f4xx_it.o
                0x0000000008002898                DebugMon_Handler
 .text.PendSV_Handler
                0x00000000080028a6        0xe ./Core/Src/stm32f4xx_it.o
                0x00000000080028a6                PendSV_Handler
 .text.TIM2_IRQHandler
                0x00000000080028b4       0x14 ./Core/Src/stm32f4xx_it.o
                0x00000000080028b4                TIM2_IRQHandler
 .text.TIM3_IRQHandler
                0x00000000080028c8       0x14 ./Core/Src/stm32f4xx_it.o
                0x00000000080028c8                TIM3_IRQHandler
 .text.USART1_IRQHandler
                0x00000000080028dc       0x14 ./Core/Src/stm32f4xx_it.o
                0x00000000080028dc                USART1_IRQHandler
 .text.USART2_IRQHandler
                0x00000000080028f0       0x14 ./Core/Src/stm32f4xx_it.o
                0x00000000080028f0                USART2_IRQHandler
 .text._getpid  0x0000000008002904       0x10 ./Core/Src/syscalls.o
                0x0000000008002904                _getpid
 .text._kill    0x0000000008002914       0x20 ./Core/Src/syscalls.o
                0x0000000008002914                _kill
 .text._exit    0x0000000008002934       0x14 ./Core/Src/syscalls.o
                0x0000000008002934                _exit
 .text._read    0x0000000008002948       0x3a ./Core/Src/syscalls.o
                0x0000000008002948                _read
 .text._write   0x0000000008002982       0x38 ./Core/Src/syscalls.o
                0x0000000008002982                _write
 .text._close   0x00000000080029ba       0x18 ./Core/Src/syscalls.o
                0x00000000080029ba                _close
 .text._fstat   0x00000000080029d2       0x20 ./Core/Src/syscalls.o
                0x00000000080029d2                _fstat
 .text._isatty  0x00000000080029f2       0x16 ./Core/Src/syscalls.o
                0x00000000080029f2                _isatty
 .text._lseek   0x0000000008002a08       0x1a ./Core/Src/syscalls.o
                0x0000000008002a08                _lseek
 *fill*         0x0000000008002a22        0x2 
 .text._sbrk    0x0000000008002a24       0x6c ./Core/Src/sysmem.o
                0x0000000008002a24                _sbrk
 .text.SystemInit
                0x0000000008002a90       0x24 ./Core/Src/system_stm32f4xx.o
                0x0000000008002a90                SystemInit
 .text.Reset_Handler
                0x0000000008002ab4       0x50 ./Core/Startup/startup_stm32f411ceux.o
                0x0000000008002ab4                Reset_Handler
 .text.Default_Handler
                0x0000000008002b04        0x2 ./Core/Startup/startup_stm32f411ceux.o
                0x0000000008002b04                RTC_Alarm_IRQHandler
                0x0000000008002b04                EXTI2_IRQHandler
                0x0000000008002b04                SPI4_IRQHandler
                0x0000000008002b04                TIM1_CC_IRQHandler
                0x0000000008002b04                DMA2_Stream5_IRQHandler
                0x0000000008002b04                DMA1_Stream5_IRQHandler
                0x0000000008002b04                PVD_IRQHandler
                0x0000000008002b04                SDIO_IRQHandler
                0x0000000008002b04                TAMP_STAMP_IRQHandler
                0x0000000008002b04                EXTI3_IRQHandler
                0x0000000008002b04                TIM1_UP_TIM10_IRQHandler
                0x0000000008002b04                I2C3_ER_IRQHandler
                0x0000000008002b04                EXTI0_IRQHandler
                0x0000000008002b04                I2C2_EV_IRQHandler
                0x0000000008002b04                DMA1_Stream2_IRQHandler
                0x0000000008002b04                FPU_IRQHandler
                0x0000000008002b04                DMA2_Stream2_IRQHandler
                0x0000000008002b04                SPI1_IRQHandler
                0x0000000008002b04                TIM1_BRK_TIM9_IRQHandler
                0x0000000008002b04                DMA2_Stream3_IRQHandler
                0x0000000008002b04                USART6_IRQHandler
                0x0000000008002b04                DMA2_Stream0_IRQHandler
                0x0000000008002b04                TIM4_IRQHandler
                0x0000000008002b04                I2C1_EV_IRQHandler
                0x0000000008002b04                DMA1_Stream6_IRQHandler
                0x0000000008002b04                DMA1_Stream1_IRQHandler
                0x0000000008002b04                RCC_IRQHandler
                0x0000000008002b04                Default_Handler
                0x0000000008002b04                EXTI15_10_IRQHandler
                0x0000000008002b04                ADC_IRQHandler
                0x0000000008002b04                DMA1_Stream7_IRQHandler
                0x0000000008002b04                SPI5_IRQHandler
                0x0000000008002b04                TIM5_IRQHandler
                0x0000000008002b04                DMA2_Stream7_IRQHandler
                0x0000000008002b04                I2C3_EV_IRQHandler
                0x0000000008002b04                EXTI9_5_IRQHandler
                0x0000000008002b04                RTC_WKUP_IRQHandler
                0x0000000008002b04                SPI2_IRQHandler
                0x0000000008002b04                DMA1_Stream0_IRQHandler
                0x0000000008002b04                EXTI4_IRQHandler
                0x0000000008002b04                WWDG_IRQHandler
                0x0000000008002b04                OTG_FS_WKUP_IRQHandler
                0x0000000008002b04                TIM1_TRG_COM_TIM11_IRQHandler
                0x0000000008002b04                EXTI1_IRQHandler
                0x0000000008002b04                I2C2_ER_IRQHandler
                0x0000000008002b04                DMA2_Stream1_IRQHandler
                0x0000000008002b04                FLASH_IRQHandler
                0x0000000008002b04                DMA2_Stream4_IRQHandler
                0x0000000008002b04                OTG_FS_IRQHandler
                0x0000000008002b04                SPI3_IRQHandler
                0x0000000008002b04                DMA1_Stream4_IRQHandler
                0x0000000008002b04                I2C1_ER_IRQHandler
                0x0000000008002b04                DMA2_Stream6_IRQHandler
                0x0000000008002b04                DMA1_Stream3_IRQHandler
 *fill*         0x0000000008002b06        0x2 
 .text.HAL_Init
                0x0000000008002b08       0x44 ./Drivers/STM32F4xx_HAL_Driver/Src/stm32f4xx_hal.o
                0x0000000008002b08                HAL_Init
 .text.HAL_InitTick
                0x0000000008002b4c       0x60 ./Drivers/STM32F4xx_HAL_Driver/Src/stm32f4xx_hal.o
                0x0000000008002b4c                HAL_InitTick
 .text.HAL_IncTick
                0x0000000008002bac       0x28 ./Drivers/STM32F4xx_HAL_Driver/Src/stm32f4xx_hal.o
                0x0000000008002bac                HAL_IncTick
 .text.HAL_GetTick
                0x0000000008002bd4       0x18 ./Drivers/STM32F4xx_HAL_Driver/Src/stm32f4xx_hal.o
                0x0000000008002bd4                HAL_GetTick
 .text.HAL_Delay
                0x0000000008002bec       0x48 ./Drivers/STM32F4xx_HAL_Driver/Src/stm32f4xx_hal.o
                0x0000000008002bec                HAL_Delay
 .text.__NVIC_SetPriorityGrouping
                0x0000000008002c34       0x48 ./Drivers/STM32F4xx_HAL_Driver/Src/stm32f4xx_hal_cortex.o
 .text.__NVIC_GetPriorityGrouping
                0x0000000008002c7c       0x1c ./Drivers/STM32F4xx_HAL_Driver/Src/stm32f4xx_hal_cortex.o
 .text.__NVIC_EnableIRQ
                0x0000000008002c98       0x3c ./Drivers/STM32F4xx_HAL_Driver/Src/stm32f4xx_hal_cortex.o
 .text.__NVIC_DisableIRQ
                0x0000000008002cd4       0x48 ./Drivers/STM32F4xx_HAL_Driver/Src/stm32f4xx_hal_cortex.o
 .text.__NVIC_SetPriority
                0x0000000008002d1c       0x54 ./Drivers/STM32F4xx_HAL_Driver/Src/stm32f4xx_hal_cortex.o
 .text.NVIC_EncodePriority
                0x0000000008002d70       0x66 ./Drivers/STM32F4xx_HAL_Driver/Src/stm32f4xx_hal_cortex.o
 *fill*         0x0000000008002dd6        0x2 
 .text.SysTick_Config
                0x0000000008002dd8       0x44 ./Drivers/STM32F4xx_HAL_Driver/Src/stm32f4xx_hal_cortex.o
 .text.HAL_NVIC_SetPriorityGrouping
                0x0000000008002e1c       0x16 ./Drivers/STM32F4xx_HAL_Driver/Src/stm32f4xx_hal_cortex.o
                0x0000000008002e1c                HAL_NVIC_SetPriorityGrouping
 .text.HAL_NVIC_SetPriority
                0x0000000008002e32       0x38 ./Drivers/STM32F4xx_HAL_Driver/Src/stm32f4xx_hal_cortex.o
                0x0000000008002e32                HAL_NVIC_SetPriority
 .text.HAL_NVIC_EnableIRQ
                0x0000000008002e6a       0x1c ./Drivers/STM32F4xx_HAL_Driver/Src/stm32f4xx_hal_cortex.o
                0x0000000008002e6a                HAL_NVIC_EnableIRQ
 .text.HAL_NVIC_DisableIRQ
                0x0000000008002e86       0x1c ./Drivers/STM32F4xx_HAL_Driver/Src/stm32f4xx_hal_cortex.o
                0x0000000008002e86                HAL_NVIC_DisableIRQ
 .text.HAL_SYSTICK_Config
                0x0000000008002ea2       0x18 ./Drivers/STM32F4xx_HAL_Driver/Src/stm32f4xx_hal_cortex.o
                0x0000000008002ea2                HAL_SYSTICK_Config
 .text.HAL_DMA_Abort
                0x0000000008002eba       0xe0 ./Drivers/STM32F4xx_HAL_Driver/Src/stm32f4xx_hal_dma.o
                0x0000000008002eba                HAL_DMA_Abort
 .text.HAL_DMA_Abort_IT
                0x0000000008002f9a       0x44 ./Drivers/STM32F4xx_HAL_Driver/Src/stm32f4xx_hal_dma.o
                0x0000000008002f9a                HAL_DMA_Abort_IT
 *fill*         0x0000000008002fde        0x2 
 .text.HAL_GPIO_Init
                0x0000000008002fe0      0x308 ./Drivers/STM32F4xx_HAL_Driver/Src/stm32f4xx_hal_gpio.o
                0x0000000008002fe0                HAL_GPIO_Init
 .text.HAL_GPIO_DeInit
                0x00000000080032e8      0x1c8 ./Drivers/STM32F4xx_HAL_Driver/Src/stm32f4xx_hal_gpio.o
                0x00000000080032e8                HAL_GPIO_DeInit
 .text.HAL_GPIO_WritePin
                0x00000000080034b0       0x32 ./Drivers/STM32F4xx_HAL_Driver/Src/stm32f4xx_hal_gpio.o
                0x00000000080034b0                HAL_GPIO_WritePin
 .text.HAL_GPIO_TogglePin
                0x00000000080034e2       0x34 ./Drivers/STM32F4xx_HAL_Driver/Src/stm32f4xx_hal_gpio.o
                0x00000000080034e2                HAL_GPIO_TogglePin
 *fill*         0x0000000008003516        0x2 
 .text.HAL_RCC_OscConfig
                0x0000000008003518      0x4f0 ./Drivers/STM32F4xx_HAL_Driver/Src/stm32f4xx_hal_rcc.o
                0x0000000008003518                HAL_RCC_OscConfig
 .text.HAL_RCC_ClockConfig
                0x0000000008003a08      0x1cc ./Drivers/STM32F4xx_HAL_Driver/Src/stm32f4xx_hal_rcc.o
                0x0000000008003a08                HAL_RCC_ClockConfig
 .text.HAL_RCC_GetSysClockFreq
                0x0000000008003bd4      0x18c ./Drivers/STM32F4xx_HAL_Driver/Src/stm32f4xx_hal_rcc.o
                0x0000000008003bd4                HAL_RCC_GetSysClockFreq
 .text.HAL_RCC_GetHCLKFreq
                0x0000000008003d60       0x18 ./Drivers/STM32F4xx_HAL_Driver/Src/stm32f4xx_hal_rcc.o
                0x0000000008003d60                HAL_RCC_GetHCLKFreq
 .text.HAL_RCC_GetPCLK1Freq
                0x0000000008003d78       0x28 ./Drivers/STM32F4xx_HAL_Driver/Src/stm32f4xx_hal_rcc.o
                0x0000000008003d78                HAL_RCC_GetPCLK1Freq
 .text.HAL_RCC_GetPCLK2Freq
                0x0000000008003da0       0x28 ./Drivers/STM32F4xx_HAL_Driver/Src/stm32f4xx_hal_rcc.o
                0x0000000008003da0                HAL_RCC_GetPCLK2Freq
 .text.HAL_SPI_Init
                0x0000000008003dc8      0x112 ./Drivers/STM32F4xx_HAL_Driver/Src/stm32f4xx_hal_spi.o
                0x0000000008003dc8                HAL_SPI_Init
 .text.HAL_SPI_TransmitReceive
                0x0000000008003eda      0x344 ./Drivers/STM32F4xx_HAL_Driver/Src/stm32f4xx_hal_spi.o
                0x0000000008003eda                HAL_SPI_TransmitReceive
 *fill*         0x000000000800421e        0x2 
 .text.SPI_WaitFlagStateUntilTimeout
                0x0000000008004220      0x110 ./Drivers/STM32F4xx_HAL_Driver/Src/stm32f4xx_hal_spi.o
 .text.SPI_EndRxTxTransaction
                0x0000000008004330       0x84 ./Drivers/STM32F4xx_HAL_Driver/Src/stm32f4xx_hal_spi.o
 .text.HAL_TIM_Base_Init
                0x00000000080043b4       0x9e ./Drivers/STM32F4xx_HAL_Driver/Src/stm32f4xx_hal_tim.o
                0x00000000080043b4                HAL_TIM_Base_Init
 .text.HAL_TIM_OC_Init
                0x0000000008004452       0x9e ./Drivers/STM32F4xx_HAL_Driver/Src/stm32f4xx_hal_tim.o
                0x0000000008004452                HAL_TIM_OC_Init
 .text.HAL_TIM_OC_MspInit
                0x00000000080044f0       0x14 ./Drivers/STM32F4xx_HAL_Driver/Src/stm32f4xx_hal_tim.o
                0x00000000080044f0                HAL_TIM_OC_MspInit
 .text.HAL_TIM_OC_Start_IT
                0x0000000008004504      0x1fc ./Drivers/STM32F4xx_HAL_Driver/Src/stm32f4xx_hal_tim.o
                0x0000000008004504                HAL_TIM_OC_Start_IT
 .text.HAL_TIM_OC_Stop_IT
                0x0000000008004700      0x164 ./Drivers/STM32F4xx_HAL_Driver/Src/stm32f4xx_hal_tim.o
                0x0000000008004700                HAL_TIM_OC_Stop_IT
 .text.HAL_TIM_OnePulse_Init
                0x0000000008004864       0xa0 ./Drivers/STM32F4xx_HAL_Driver/Src/stm32f4xx_hal_tim.o
                0x0000000008004864                HAL_TIM_OnePulse_Init
 .text.HAL_TIM_OnePulse_MspInit
                0x0000000008004904       0x14 ./Drivers/STM32F4xx_HAL_Driver/Src/stm32f4xx_hal_tim.o
                0x0000000008004904                HAL_TIM_OnePulse_MspInit
 .text.HAL_TIM_IRQHandler
                0x0000000008004918      0x210 ./Drivers/STM32F4xx_HAL_Driver/Src/stm32f4xx_hal_tim.o
                0x0000000008004918                HAL_TIM_IRQHandler
 .text.HAL_TIM_OC_ConfigChannel
                0x0000000008004b28       0xb8 ./Drivers/STM32F4xx_HAL_Driver/Src/stm32f4xx_hal_tim.o
                0x0000000008004b28                HAL_TIM_OC_ConfigChannel
 .text.HAL_TIM_ConfigClockSource
                0x0000000008004be0      0x18e ./Drivers/STM32F4xx_HAL_Driver/Src/stm32f4xx_hal_tim.o
                0x0000000008004be0                HAL_TIM_ConfigClockSource
 .text.HAL_TIM_PeriodElapsedCallback
                0x0000000008004d6e       0x14 ./Drivers/STM32F4xx_HAL_Driver/Src/stm32f4xx_hal_tim.o
                0x0000000008004d6e                HAL_TIM_PeriodElapsedCallback
 .text.HAL_TIM_IC_CaptureCallback
                0x0000000008004d82       0x14 ./Drivers/STM32F4xx_HAL_Driver/Src/stm32f4xx_hal_tim.o
                0x0000000008004d82                HAL_TIM_IC_CaptureCallback
 .text.HAL_TIM_PWM_PulseFinishedCallback
                0x0000000008004d96       0x14 ./Drivers/STM32F4xx_HAL_Driver/Src/stm32f4xx_hal_tim.o
                0x0000000008004d96                HAL_TIM_PWM_PulseFinishedCallback
 .text.HAL_TIM_TriggerCallback
                0x0000000008004daa       0x14 ./Drivers/STM32F4xx_HAL_Driver/Src/stm32f4xx_hal_tim.o
                0x0000000008004daa                HAL_TIM_TriggerCallback
 *fill*         0x0000000008004dbe        0x2 
 .text.TIM_Base_SetConfig
                0x0000000008004dc0      0x100 ./Drivers/STM32F4xx_HAL_Driver/Src/stm32f4xx_hal_tim.o
                0x0000000008004dc0                TIM_Base_SetConfig
 .text.TIM_OC1_SetConfig
                0x0000000008004ec0       0xcc ./Drivers/STM32F4xx_HAL_Driver/Src/stm32f4xx_hal_tim.o
 .text.TIM_OC2_SetConfig
                0x0000000008004f8c       0xd8 ./Drivers/STM32F4xx_HAL_Driver/Src/stm32f4xx_hal_tim.o
                0x0000000008004f8c                TIM_OC2_SetConfig
 .text.TIM_OC3_SetConfig
                0x0000000008005064       0xd4 ./Drivers/STM32F4xx_HAL_Driver/Src/stm32f4xx_hal_tim.o
 .text.TIM_OC4_SetConfig
                0x0000000008005138       0xa0 ./Drivers/STM32F4xx_HAL_Driver/Src/stm32f4xx_hal_tim.o
 .text.TIM_TI1_ConfigInputStage
                0x00000000080051d8       0x5e ./Drivers/STM32F4xx_HAL_Driver/Src/stm32f4xx_hal_tim.o
 .text.TIM_TI2_ConfigInputStage
                0x0000000008005236       0x60 ./Drivers/STM32F4xx_HAL_Driver/Src/stm32f4xx_hal_tim.o
 .text.TIM_ITRx_SetConfig
                0x0000000008005296       0x36 ./Drivers/STM32F4xx_HAL_Driver/Src/stm32f4xx_hal_tim.o
 .text.TIM_ETR_SetConfig
                0x00000000080052cc       0x40 ./Drivers/STM32F4xx_HAL_Driver/Src/stm32f4xx_hal_tim.o
                0x00000000080052cc                TIM_ETR_SetConfig
 .text.TIM_CCxChannelCmd
                0x000000000800530c       0x4a ./Drivers/STM32F4xx_HAL_Driver/Src/stm32f4xx_hal_tim.o
                0x000000000800530c                TIM_CCxChannelCmd
 *fill*         0x0000000008005356        0x2 
 .text.HAL_TIMEx_MasterConfigSynchronization
                0x0000000008005358       0xdc ./Drivers/STM32F4xx_HAL_Driver/Src/stm32f4xx_hal_tim_ex.o
                0x0000000008005358                HAL_TIMEx_MasterConfigSynchronization
 .text.HAL_TIMEx_CommutCallback
                0x0000000008005434       0x14 ./Drivers/STM32F4xx_HAL_Driver/Src/stm32f4xx_hal_tim_ex.o
                0x0000000008005434                HAL_TIMEx_CommutCallback
 .text.HAL_TIMEx_BreakCallback
                0x0000000008005448       0x14 ./Drivers/STM32F4xx_HAL_Driver/Src/stm32f4xx_hal_tim_ex.o
                0x0000000008005448                HAL_TIMEx_BreakCallback
 .text.HAL_UART_Init
                0x000000000800545c       0x9a ./Drivers/STM32F4xx_HAL_Driver/Src/stm32f4xx_hal_uart.o
                0x000000000800545c                HAL_UART_Init
 .text.HAL_UART_DeInit
                0x00000000080054f6       0x5e ./Drivers/STM32F4xx_HAL_Driver/Src/stm32f4xx_hal_uart.o
                0x00000000080054f6                HAL_UART_DeInit
 .text.HAL_UART_Transmit
                0x0000000008005554      0x124 ./Drivers/STM32F4xx_HAL_Driver/Src/stm32f4xx_hal_uart.o
                0x0000000008005554                HAL_UART_Transmit
 .text.HAL_UART_Transmit_IT
                0x0000000008005678       0x8a ./Drivers/STM32F4xx_HAL_Driver/Src/stm32f4xx_hal_uart.o
                0x0000000008005678                HAL_UART_Transmit_IT
 .text.HAL_UART_Receive_IT
                0x0000000008005702       0x60 ./Drivers/STM32F4xx_HAL_Driver/Src/stm32f4xx_hal_uart.o
                0x0000000008005702                HAL_UART_Receive_IT
 *fill*         0x0000000008005762        0x2 
 .text.HAL_UART_IRQHandler
                0x0000000008005764      0x51c ./Drivers/STM32F4xx_HAL_Driver/Src/stm32f4xx_hal_uart.o
                0x0000000008005764                HAL_UART_IRQHandler
 .text.HAL_UART_TxCpltCallback
                0x0000000008005c80       0x14 ./Drivers/STM32F4xx_HAL_Driver/Src/stm32f4xx_hal_uart.o
                0x0000000008005c80                HAL_UART_TxCpltCallback
 .text.HAL_UARTEx_RxEventCallback
                0x0000000008005c94       0x18 ./Drivers/STM32F4xx_HAL_Driver/Src/stm32f4xx_hal_uart.o
                0x0000000008005c94                HAL_UARTEx_RxEventCallback
 .text.UART_WaitOnFlagUntilTimeout
                0x0000000008005cac       0xdc ./Drivers/STM32F4xx_HAL_Driver/Src/stm32f4xx_hal_uart.o
 .text.UART_Start_Receive_IT
                0x0000000008005d88       0x7c ./Drivers/STM32F4xx_HAL_Driver/Src/stm32f4xx_hal_uart.o
                0x0000000008005d88                UART_Start_Receive_IT
 .text.UART_EndRxTransfer
                0x0000000008005e04       0xc6 ./Drivers/STM32F4xx_HAL_Driver/Src/stm32f4xx_hal_uart.o
 .text.UART_DMAAbortOnError
                0x0000000008005eca       0x28 ./Drivers/STM32F4xx_HAL_Driver/Src/stm32f4xx_hal_uart.o
 .text.UART_Transmit_IT
                0x0000000008005ef2       0xa0 ./Drivers/STM32F4xx_HAL_Driver/Src/stm32f4xx_hal_uart.o
 .text.UART_EndTransmit_IT
                0x0000000008005f92       0x30 ./Drivers/STM32F4xx_HAL_Driver/Src/stm32f4xx_hal_uart.o
 .text.UART_Receive_IT
                0x0000000008005fc2      0x176 ./Drivers/STM32F4xx_HAL_Driver/Src/stm32f4xx_hal_uart.o
 .text.UART_SetConfig
                0x0000000008006138      0x4e8 ./Drivers/STM32F4xx_HAL_Driver/Src/stm32f4xx_hal_uart.o
 .text.NOP      0x0000000008006620       0x2c ./ESP8266/ESP8266_Chelo.o
                0x0000000008006620                NOP
 .text.Cambiar_CWMODE
                0x000000000800664c       0x2c ./ESP8266/ESP8266_Chelo.o
                0x000000000800664c                Cambiar_CWMODE
 .text.ConectarWIFI
                0x0000000008006678       0x2c ./ESP8266/ESP8266_Chelo.o
                0x0000000008006678                ConectarWIFI
 .text.MUX      0x00000000080066a4       0x2c ./ESP8266/ESP8266_Chelo.o
                0x00000000080066a4                MUX
 .text.IPDef    0x00000000080066d0       0x2c ./ESP8266/ESP8266_Chelo.o
                0x00000000080066d0                IPDef
 .text.DesconectarWIFI
                0x00000000080066fc       0x2c ./ESP8266/ESP8266_Chelo.o
                0x00000000080066fc                DesconectarWIFI
 .text.ConectarTCP
                0x0000000008006728       0x2c ./ESP8266/ESP8266_Chelo.o
                0x0000000008006728                ConectarTCP
 .text.CrearServidorTCP
                0x0000000008006754       0x2c ./ESP8266/ESP8266_Chelo.o
                0x0000000008006754                CrearServidorTCP
 .text.EnviarDatosSRVR
                0x0000000008006780       0x2c ./ESP8266/ESP8266_Chelo.o
                0x0000000008006780                EnviarDatosSRVR
 .text.EnviarDatos
                0x00000000080067ac       0x2c ./ESP8266/ESP8266_Chelo.o
                0x00000000080067ac                EnviarDatos
 .text.Inicializar
                0x00000000080067d8      0x194 ./ESP8266/ESP8266_Chelo.o
                0x00000000080067d8                Inicializar
 .text.AT_ESP8266_ND
                0x000000000800696c     0x3200 ./ESP8266/ESP8266_Chelo.o
                0x000000000800696c                AT_ESP8266_ND
 .text.WiFi_Conn_ND
                0x0000000008009b6c     0x18dc ./ESP8266/ESP8266_Chelo.o
                0x0000000008009b6c                WiFi_Conn_ND
 .text.httpPOST
                0x000000000800b448      0x560 ./HTTP/http.o
                0x000000000800b448                httpPOST
 .text.LoRa_Send
                0x000000000800b9a8      0x15c ./LoRa/RYLR896.o
                0x000000000800b9a8                LoRa_Send
 .text.LoRa_set_sndTIMER
                0x000000000800bb04       0x36 ./LoRa/RYLR896.o
                0x000000000800bb04                LoRa_set_sndTIMER
 *fill*         0x000000000800bb3a        0x2 
 .text.LoRa_decode
                0x000000000800bb3c      0x458 ./LoRa/RYLR896.o
                0x000000000800bb3c                LoRa_decode
 .text.Lora_idSTR
                0x000000000800bf94      0x484 ./LoRa/RYLR896.o
                0x000000000800bf94                Lora_idSTR
 .text.Lora_rx_del
                0x000000000800c418       0x32 ./LoRa/RYLR896.o
                0x000000000800c418                Lora_rx_del
 *fill*         0x000000000800c44a        0x2 
 .text.ModBUS_Config
                0x000000000800c44c       0xa8 ./ModBUS/ModBUS_Chelo.o
                0x000000000800c44c                ModBUS_Config
 .text.ModBUS_Check
                0x000000000800c4f4       0x3e ./ModBUS/ModBUS_Chelo.o
                0x000000000800c4f4                ModBUS_Check
 .text.ModBUS_Check_tid
                0x000000000800c532       0x60 ./ModBUS/ModBUS_Chelo.o
                0x000000000800c532                ModBUS_Check_tid
 .text.ModBUS_F03_Assign
                0x000000000800c592       0x5c ./ModBUS/ModBUS_Chelo.o
                0x000000000800c592                ModBUS_F03_Assign
 .text.ModBUS_F03_Read
                0x000000000800c5ee       0x5c ./ModBUS/ModBUS_Chelo.o
                0x000000000800c5ee                ModBUS_F03_Read
 .text.ModBUS_F03_Request
                0x000000000800c64a       0xac ./ModBUS/ModBUS_Chelo.o
                0x000000000800c64a                ModBUS_F03_Request
 *fill*         0x000000000800c6f6        0x2 
 .text.ModBUS   0x000000000800c6f8     0x13d4 ./ModBUS/ModBUS_Chelo.o
                0x000000000800c6f8                ModBUS
 .text.SPI_ETH  0x000000000800dacc       0x4e ./STM32_ETH_W5100/ETH_W5100.o
                0x000000000800dacc                SPI_ETH
 .text.SPI_ETH_REG
                0x000000000800db1a       0xf0 ./STM32_ETH_W5100/ETH_W5100.o
                0x000000000800db1a                SPI_ETH_REG
 .text.SPI_ETH_WR_REG_16
                0x000000000800dc0a       0x78 ./STM32_ETH_W5100/ETH_W5100.o
                0x000000000800dc0a                SPI_ETH_WR_REG_16
 .text.SPI_ETH_RD_RCV_REG_16
                0x000000000800dc82       0x7a ./STM32_ETH_W5100/ETH_W5100.o
                0x000000000800dc82                SPI_ETH_RD_RCV_REG_16
 .text.SPI_ETH_WR_TX_REG_16
                0x000000000800dcfc       0x74 ./STM32_ETH_W5100/ETH_W5100.o
                0x000000000800dcfc                SPI_ETH_WR_TX_REG_16
 .text.eth_wr_SOCKET_CMD
                0x000000000800dd70       0x3c ./STM32_ETH_W5100/ETH_W5100.o
                0x000000000800dd70                eth_wr_SOCKET_CMD
 .text.eth_wr_SOCKET_MODE
                0x000000000800ddac       0x3c ./STM32_ETH_W5100/ETH_W5100.o
                0x000000000800ddac                eth_wr_SOCKET_MODE
 .text.eth_init
                0x000000000800dde8       0xf4 ./STM32_ETH_W5100/ETH_W5100.o
                0x000000000800dde8                eth_init
 .text.eth_socket_init
                0x000000000800dedc       0xf8 ./STM32_ETH_W5100/ETH_W5100.o
                0x000000000800dedc                eth_socket_init
 .text.eth_rd_SOCKET_STAT
                0x000000000800dfd4       0x3a ./STM32_ETH_W5100/ETH_W5100.o
                0x000000000800dfd4                eth_rd_SOCKET_STAT
 .text.eth_rd_SOCKET_CMD
                0x000000000800e00e       0x3a ./STM32_ETH_W5100/ETH_W5100.o
                0x000000000800e00e                eth_rd_SOCKET_CMD
 .text.eth_rd_SOCKET_DATA
                0x000000000800e048      0x1a0 ./STM32_ETH_W5100/ETH_W5100.o
                0x000000000800e048                eth_rd_SOCKET_DATA
 .text.eth_wr_SOCKET_DATA
                0x000000000800e1e8      0x1c8 ./STM32_ETH_W5100/ETH_W5100.o
                0x000000000800e1e8                eth_wr_SOCKET_DATA
 .text.FT_String_ND
                0x000000000800e3b0      0x664 ./STRING/STR_Chelo.o
                0x000000000800e3b0                FT_String_ND
 .text.INTOA    0x000000000800ea14       0x68 ./STRING/STR_Chelo.o
                0x000000000800ea14                INTOA
 .text.FTOA     0x000000000800ea7c       0x90 ./STRING/STR_Chelo.o
                0x000000000800ea7c                FTOA
 .text.CopiaVector
                0x000000000800eb0c       0x96 ./STRING/STR_Chelo.o
                0x000000000800eb0c                CopiaVector
 .text.atoi     0x000000000800eba2        0x8 C:/ST/STM32CubeIDE_1.13.1/STM32CubeIDE/plugins/com.st.stm32cube.ide.mcu.externaltools.gnu-tools-for-stm32.11.3.rel1.win32_1.1.0.202305231506/tools/bin/../lib/gcc/arm-none-eabi/11.3.1/../../../../arm-none-eabi/lib/thumb/v7e-m+fp/hard\libc_nano.a(libc_a-atoi.o)
                0x000000000800eba2                atoi
 .text.__itoa   0x000000000800ebaa       0x30 C:/ST/STM32CubeIDE_1.13.1/STM32CubeIDE/plugins/com.st.stm32cube.ide.mcu.externaltools.gnu-tools-for-stm32.11.3.rel1.win32_1.1.0.202305231506/tools/bin/../lib/gcc/arm-none-eabi/11.3.1/../../../../arm-none-eabi/lib/thumb/v7e-m+fp/hard\libc_nano.a(libc_a-itoa.o)
                0x000000000800ebaa                __itoa
 .text.itoa     0x000000000800ebda        0x4 C:/ST/STM32CubeIDE_1.13.1/STM32CubeIDE/plugins/com.st.stm32cube.ide.mcu.externaltools.gnu-tools-for-stm32.11.3.rel1.win32_1.1.0.202305231506/tools/bin/../lib/gcc/arm-none-eabi/11.3.1/../../../../arm-none-eabi/lib/thumb/v7e-m+fp/hard\libc_nano.a(libc_a-itoa.o)
                0x000000000800ebda                itoa
 *fill*         0x000000000800ebde        0x2 
 .text._strtol_l.constprop.0
                0x000000000800ebe0      0x104 C:/ST/STM32CubeIDE_1.13.1/STM32CubeIDE/plugins/com.st.stm32cube.ide.mcu.externaltools.gnu-tools-for-stm32.11.3.rel1.win32_1.1.0.202305231506/tools/bin/../lib/gcc/arm-none-eabi/11.3.1/../../../../arm-none-eabi/lib/thumb/v7e-m+fp/hard\libc_nano.a(libc_a-strtol.o)
 .text.strtol   0x000000000800ece4       0x14 C:/ST/STM32CubeIDE_1.13.1/STM32CubeIDE/plugins/com.st.stm32cube.ide.mcu.externaltools.gnu-tools-for-stm32.11.3.rel1.win32_1.1.0.202305231506/tools/bin/../lib/gcc/arm-none-eabi/11.3.1/../../../../arm-none-eabi/lib/thumb/v7e-m+fp/hard\libc_nano.a(libc_a-strtol.o)
                0x000000000800ece4                strtol
 .text.__utoa   0x000000000800ecf8       0x84 C:/ST/STM32CubeIDE_1.13.1/STM32CubeIDE/plugins/com.st.stm32cube.ide.mcu.externaltools.gnu-tools-for-stm32.11.3.rel1.win32_1.1.0.202305231506/tools/bin/../lib/gcc/arm-none-eabi/11.3.1/../../../../arm-none-eabi/lib/thumb/v7e-m+fp/hard\libc_nano.a(libc_a-utoa.o)
                0x000000000800ecf8                __utoa
 .text.std      0x000000000800ed7c       0x48 C:/ST/STM32CubeIDE_1.13.1/STM32CubeIDE/plugins/com.st.stm32cube.ide.mcu.externaltools.gnu-tools-for-stm32.11.3.rel1.win32_1.1.0.202305231506/tools/bin/../lib/gcc/arm-none-eabi/11.3.1/../../../../arm-none-eabi/lib/thumb/v7e-m+fp/hard\libc_nano.a(libc_a-findfp.o)
 .text.stdio_exit_handler
                0x000000000800edc4       0x18 C:/ST/STM32CubeIDE_1.13.1/STM32CubeIDE/plugins/com.st.stm32cube.ide.mcu.externaltools.gnu-tools-for-stm32.11.3.rel1.win32_1.1.0.202305231506/tools/bin/../lib/gcc/arm-none-eabi/11.3.1/../../../../arm-none-eabi/lib/thumb/v7e-m+fp/hard\libc_nano.a(libc_a-findfp.o)
 .text.cleanup_stdio
                0x000000000800eddc       0x40 C:/ST/STM32CubeIDE_1.13.1/STM32CubeIDE/plugins/com.st.stm32cube.ide.mcu.externaltools.gnu-tools-for-stm32.11.3.rel1.win32_1.1.0.202305231506/tools/bin/../lib/gcc/arm-none-eabi/11.3.1/../../../../arm-none-eabi/lib/thumb/v7e-m+fp/hard\libc_nano.a(libc_a-findfp.o)
 .text.global_stdio_init.part.0
                0x000000000800ee1c       0x3c C:/ST/STM32CubeIDE_1.13.1/STM32CubeIDE/plugins/com.st.stm32cube.ide.mcu.externaltools.gnu-tools-for-stm32.11.3.rel1.win32_1.1.0.202305231506/tools/bin/../lib/gcc/arm-none-eabi/11.3.1/../../../../arm-none-eabi/lib/thumb/v7e-m+fp/hard\libc_nano.a(libc_a-findfp.o)
 .text.__sfp_lock_acquire
                0x000000000800ee58        0xc C:/ST/STM32CubeIDE_1.13.1/STM32CubeIDE/plugins/com.st.stm32cube.ide.mcu.externaltools.gnu-tools-for-stm32.11.3.rel1.win32_1.1.0.202305231506/tools/bin/../lib/gcc/arm-none-eabi/11.3.1/../../../../arm-none-eabi/lib/thumb/v7e-m+fp/hard\libc_nano.a(libc_a-findfp.o)
                0x000000000800ee58                __sfp_lock_acquire
 .text.__sfp_lock_release
                0x000000000800ee64        0xc C:/ST/STM32CubeIDE_1.13.1/STM32CubeIDE/plugins/com.st.stm32cube.ide.mcu.externaltools.gnu-tools-for-stm32.11.3.rel1.win32_1.1.0.202305231506/tools/bin/../lib/gcc/arm-none-eabi/11.3.1/../../../../arm-none-eabi/lib/thumb/v7e-m+fp/hard\libc_nano.a(libc_a-findfp.o)
                0x000000000800ee64                __sfp_lock_release
 .text.__sinit  0x000000000800ee70       0x30 C:/ST/STM32CubeIDE_1.13.1/STM32CubeIDE/plugins/com.st.stm32cube.ide.mcu.externaltools.gnu-tools-for-stm32.11.3.rel1.win32_1.1.0.202305231506/tools/bin/../lib/gcc/arm-none-eabi/11.3.1/../../../../arm-none-eabi/lib/thumb/v7e-m+fp/hard\libc_nano.a(libc_a-findfp.o)
                0x000000000800ee70                __sinit
 .text._fwalk_sglue
                0x000000000800eea0       0x3c C:/ST/STM32CubeIDE_1.13.1/STM32CubeIDE/plugins/com.st.stm32cube.ide.mcu.externaltools.gnu-tools-for-stm32.11.3.rel1.win32_1.1.0.202305231506/tools/bin/../lib/gcc/arm-none-eabi/11.3.1/../../../../arm-none-eabi/lib/thumb/v7e-m+fp/hard\libc_nano.a(libc_a-fwalk.o)
                0x000000000800eea0                _fwalk_sglue
 .text.sprintf  0x000000000800eedc       0x40 C:/ST/STM32CubeIDE_1.13.1/STM32CubeIDE/plugins/com.st.stm32cube.ide.mcu.externaltools.gnu-tools-for-stm32.11.3.rel1.win32_1.1.0.202305231506/tools/bin/../lib/gcc/arm-none-eabi/11.3.1/../../../../arm-none-eabi/lib/thumb/v7e-m+fp/hard\libc_nano.a(libc_a-sprintf.o)
                0x000000000800eedc                siprintf
                0x000000000800eedc                sprintf
 .text.__sread  0x000000000800ef1c       0x22 C:/ST/STM32CubeIDE_1.13.1/STM32CubeIDE/plugins/com.st.stm32cube.ide.mcu.externaltools.gnu-tools-for-stm32.11.3.rel1.win32_1.1.0.202305231506/tools/bin/../lib/gcc/arm-none-eabi/11.3.1/../../../../arm-none-eabi/lib/thumb/v7e-m+fp/hard\libc_nano.a(libc_a-stdio.o)
                0x000000000800ef1c                __sread
 .text.__swrite
                0x000000000800ef3e       0x38 C:/ST/STM32CubeIDE_1.13.1/STM32CubeIDE/plugins/com.st.stm32cube.ide.mcu.externaltools.gnu-tools-for-stm32.11.3.rel1.win32_1.1.0.202305231506/tools/bin/../lib/gcc/arm-none-eabi/11.3.1/../../../../arm-none-eabi/lib/thumb/v7e-m+fp/hard\libc_nano.a(libc_a-stdio.o)
                0x000000000800ef3e                __swrite
 .text.__sseek  0x000000000800ef76       0x24 C:/ST/STM32CubeIDE_1.13.1/STM32CubeIDE/plugins/com.st.stm32cube.ide.mcu.externaltools.gnu-tools-for-stm32.11.3.rel1.win32_1.1.0.202305231506/tools/bin/../lib/gcc/arm-none-eabi/11.3.1/../../../../arm-none-eabi/lib/thumb/v7e-m+fp/hard\libc_nano.a(libc_a-stdio.o)
                0x000000000800ef76                __sseek
 .text.__sclose
                0x000000000800ef9a        0x8 C:/ST/STM32CubeIDE_1.13.1/STM32CubeIDE/plugins/com.st.stm32cube.ide.mcu.externaltools.gnu-tools-for-stm32.11.3.rel1.win32_1.1.0.202305231506/tools/bin/../lib/gcc/arm-none-eabi/11.3.1/../../../../arm-none-eabi/lib/thumb/v7e-m+fp/hard\libc_nano.a(libc_a-stdio.o)
                0x000000000800ef9a                __sclose
 .text.memset   0x000000000800efa2       0x10 C:/ST/STM32CubeIDE_1.13.1/STM32CubeIDE/plugins/com.st.stm32cube.ide.mcu.externaltools.gnu-tools-for-stm32.11.3.rel1.win32_1.1.0.202305231506/tools/bin/../lib/gcc/arm-none-eabi/11.3.1/../../../../arm-none-eabi/lib/thumb/v7e-m+fp/hard\libc_nano.a(libc_a-memset.o)
                0x000000000800efa2                memset
 .text.strncat  0x000000000800efb2       0x26 C:/ST/STM32CubeIDE_1.13.1/STM32CubeIDE/plugins/com.st.stm32cube.ide.mcu.externaltools.gnu-tools-for-stm32.11.3.rel1.win32_1.1.0.202305231506/tools/bin/../lib/gcc/arm-none-eabi/11.3.1/../../../../arm-none-eabi/lib/thumb/v7e-m+fp/hard\libc_nano.a(libc_a-strncat.o)
                0x000000000800efb2                strncat
 .text.strtok   0x000000000800efd8       0x68 C:/ST/STM32CubeIDE_1.13.1/STM32CubeIDE/plugins/com.st.stm32cube.ide.mcu.externaltools.gnu-tools-for-stm32.11.3.rel1.win32_1.1.0.202305231506/tools/bin/../lib/gcc/arm-none-eabi/11.3.1/../../../../arm-none-eabi/lib/thumb/v7e-m+fp/hard\libc_nano.a(libc_a-strtok.o)
                0x000000000800efd8                strtok
 .text.__strtok_r
                0x000000000800f040       0x50 C:/ST/STM32CubeIDE_1.13.1/STM32CubeIDE/plugins/com.st.stm32cube.ide.mcu.externaltools.gnu-tools-for-stm32.11.3.rel1.win32_1.1.0.202305231506/tools/bin/../lib/gcc/arm-none-eabi/11.3.1/../../../../arm-none-eabi/lib/thumb/v7e-m+fp/hard\libc_nano.a(libc_a-strtok_r.o)
                0x000000000800f040                __strtok_r
 .text._close_r
                0x000000000800f090       0x20 C:/ST/STM32CubeIDE_1.13.1/STM32CubeIDE/plugins/com.st.stm32cube.ide.mcu.externaltools.gnu-tools-for-stm32.11.3.rel1.win32_1.1.0.202305231506/tools/bin/../lib/gcc/arm-none-eabi/11.3.1/../../../../arm-none-eabi/lib/thumb/v7e-m+fp/hard\libc_nano.a(libc_a-closer.o)
                0x000000000800f090                _close_r
 .text._lseek_r
                0x000000000800f0b0       0x24 C:/ST/STM32CubeIDE_1.13.1/STM32CubeIDE/plugins/com.st.stm32cube.ide.mcu.externaltools.gnu-tools-for-stm32.11.3.rel1.win32_1.1.0.202305231506/tools/bin/../lib/gcc/arm-none-eabi/11.3.1/../../../../arm-none-eabi/lib/thumb/v7e-m+fp/hard\libc_nano.a(libc_a-lseekr.o)
                0x000000000800f0b0                _lseek_r
 .text._read_r  0x000000000800f0d4       0x24 C:/ST/STM32CubeIDE_1.13.1/STM32CubeIDE/plugins/com.st.stm32cube.ide.mcu.externaltools.gnu-tools-for-stm32.11.3.rel1.win32_1.1.0.202305231506/tools/bin/../lib/gcc/arm-none-eabi/11.3.1/../../../../arm-none-eabi/lib/thumb/v7e-m+fp/hard\libc_nano.a(libc_a-readr.o)
                0x000000000800f0d4                _read_r
 .text._write_r
                0x000000000800f0f8       0x24 C:/ST/STM32CubeIDE_1.13.1/STM32CubeIDE/plugins/com.st.stm32cube.ide.mcu.externaltools.gnu-tools-for-stm32.11.3.rel1.win32_1.1.0.202305231506/tools/bin/../lib/gcc/arm-none-eabi/11.3.1/../../../../arm-none-eabi/lib/thumb/v7e-m+fp/hard\libc_nano.a(libc_a-writer.o)
                0x000000000800f0f8                _write_r
 .text.__errno  0x000000000800f11c        0xc C:/ST/STM32CubeIDE_1.13.1/STM32CubeIDE/plugins/com.st.stm32cube.ide.mcu.externaltools.gnu-tools-for-stm32.11.3.rel1.win32_1.1.0.202305231506/tools/bin/../lib/gcc/arm-none-eabi/11.3.1/../../../../arm-none-eabi/lib/thumb/v7e-m+fp/hard\libc_nano.a(libc_a-errno.o)
                0x000000000800f11c                __errno
 .text.__libc_init_array
                0x000000000800f128       0x48 C:/ST/STM32CubeIDE_1.13.1/STM32CubeIDE/plugins/com.st.stm32cube.ide.mcu.externaltools.gnu-tools-for-stm32.11.3.rel1.win32_1.1.0.202305231506/tools/bin/../lib/gcc/arm-none-eabi/11.3.1/../../../../arm-none-eabi/lib/thumb/v7e-m+fp/hard\libc_nano.a(libc_a-init.o)
                0x000000000800f128                __libc_init_array
 .text.__retarget_lock_acquire_recursive
                0x000000000800f170        0x2 C:/ST/STM32CubeIDE_1.13.1/STM32CubeIDE/plugins/com.st.stm32cube.ide.mcu.externaltools.gnu-tools-for-stm32.11.3.rel1.win32_1.1.0.202305231506/tools/bin/../lib/gcc/arm-none-eabi/11.3.1/../../../../arm-none-eabi/lib/thumb/v7e-m+fp/hard\libc_nano.a(libc_a-lock.o)
                0x000000000800f170                __retarget_lock_acquire_recursive
 .text.__retarget_lock_release_recursive
                0x000000000800f172        0x2 C:/ST/STM32CubeIDE_1.13.1/STM32CubeIDE/plugins/com.st.stm32cube.ide.mcu.externaltools.gnu-tools-for-stm32.11.3.rel1.win32_1.1.0.202305231506/tools/bin/../lib/gcc/arm-none-eabi/11.3.1/../../../../arm-none-eabi/lib/thumb/v7e-m+fp/hard\libc_nano.a(libc_a-lock.o)
                0x000000000800f172                __retarget_lock_release_recursive
 .text.strcpy   0x000000000800f174       0x10 C:/ST/STM32CubeIDE_1.13.1/STM32CubeIDE/plugins/com.st.stm32cube.ide.mcu.externaltools.gnu-tools-for-stm32.11.3.rel1.win32_1.1.0.202305231506/tools/bin/../lib/gcc/arm-none-eabi/11.3.1/../../../../arm-none-eabi/lib/thumb/v7e-m+fp/hard\libc_nano.a(libc_a-strcpy.o)
                0x000000000800f174                strcpy
 .text.__assert_func
                0x000000000800f184       0x3c C:/ST/STM32CubeIDE_1.13.1/STM32CubeIDE/plugins/com.st.stm32cube.ide.mcu.externaltools.gnu-tools-for-stm32.11.3.rel1.win32_1.1.0.202305231506/tools/bin/../lib/gcc/arm-none-eabi/11.3.1/../../../../arm-none-eabi/lib/thumb/v7e-m+fp/hard\libc_nano.a(libc_a-assert.o)
                0x000000000800f184                __assert_func
 .text._free_r  0x000000000800f1c0       0x98 C:/ST/STM32CubeIDE_1.13.1/STM32CubeIDE/plugins/com.st.stm32cube.ide.mcu.externaltools.gnu-tools-for-stm32.11.3.rel1.win32_1.1.0.202305231506/tools/bin/../lib/gcc/arm-none-eabi/11.3.1/../../../../arm-none-eabi/lib/thumb/v7e-m+fp/hard\libc_nano.a(libc_a-freer.o)
                0x000000000800f1c0                _free_r
 .text.malloc   0x000000000800f258       0x10 C:/ST/STM32CubeIDE_1.13.1/STM32CubeIDE/plugins/com.st.stm32cube.ide.mcu.externaltools.gnu-tools-for-stm32.11.3.rel1.win32_1.1.0.202305231506/tools/bin/../lib/gcc/arm-none-eabi/11.3.1/../../../../arm-none-eabi/lib/thumb/v7e-m+fp/hard\libc_nano.a(libc_a-malloc.o)
                0x000000000800f258                malloc
 .text.sbrk_aligned
                0x000000000800f268       0x40 C:/ST/STM32CubeIDE_1.13.1/STM32CubeIDE/plugins/com.st.stm32cube.ide.mcu.externaltools.gnu-tools-for-stm32.11.3.rel1.win32_1.1.0.202305231506/tools/bin/../lib/gcc/arm-none-eabi/11.3.1/../../../../arm-none-eabi/lib/thumb/v7e-m+fp/hard\libc_nano.a(libc_a-mallocr.o)
 .text._malloc_r
                0x000000000800f2a8      0x100 C:/ST/STM32CubeIDE_1.13.1/STM32CubeIDE/plugins/com.st.stm32cube.ide.mcu.externaltools.gnu-tools-for-stm32.11.3.rel1.win32_1.1.0.202305231506/tools/bin/../lib/gcc/arm-none-eabi/11.3.1/../../../../arm-none-eabi/lib/thumb/v7e-m+fp/hard\libc_nano.a(libc_a-mallocr.o)
                0x000000000800f2a8                _malloc_r
 .text.__malloc_lock
                0x000000000800f3a8        0xc C:/ST/STM32CubeIDE_1.13.1/STM32CubeIDE/plugins/com.st.stm32cube.ide.mcu.externaltools.gnu-tools-for-stm32.11.3.rel1.win32_1.1.0.202305231506/tools/bin/../lib/gcc/arm-none-eabi/11.3.1/../../../../arm-none-eabi/lib/thumb/v7e-m+fp/hard\libc_nano.a(libc_a-mlock.o)
                0x000000000800f3a8                __malloc_lock
 .text.__malloc_unlock
                0x000000000800f3b4        0xc C:/ST/STM32CubeIDE_1.13.1/STM32CubeIDE/plugins/com.st.stm32cube.ide.mcu.externaltools.gnu-tools-for-stm32.11.3.rel1.win32_1.1.0.202305231506/tools/bin/../lib/gcc/arm-none-eabi/11.3.1/../../../../arm-none-eabi/lib/thumb/v7e-m+fp/hard\libc_nano.a(libc_a-mlock.o)
                0x000000000800f3b4                __malloc_unlock
 .text.__ssputs_r
                0x000000000800f3c0       0xb4 C:/ST/STM32CubeIDE_1.13.1/STM32CubeIDE/plugins/com.st.stm32cube.ide.mcu.externaltools.gnu-tools-for-stm32.11.3.rel1.win32_1.1.0.202305231506/tools/bin/../lib/gcc/arm-none-eabi/11.3.1/../../../../arm-none-eabi/lib/thumb/v7e-m+fp/hard\libc_nano.a(libc_a-nano-svfprintf.o)
                0x000000000800f3c0                __ssputs_r
 .text._svfprintf_r
                0x000000000800f474      0x1fc C:/ST/STM32CubeIDE_1.13.1/STM32CubeIDE/plugins/com.st.stm32cube.ide.mcu.externaltools.gnu-tools-for-stm32.11.3.rel1.win32_1.1.0.202305231506/tools/bin/../lib/gcc/arm-none-eabi/11.3.1/../../../../arm-none-eabi/lib/thumb/v7e-m+fp/hard\libc_nano.a(libc_a-nano-svfprintf.o)
                0x000000000800f474                _svfiprintf_r
                0x000000000800f474                _svfprintf_r
 .text._printf_common
                0x000000000800f670       0xda C:/ST/STM32CubeIDE_1.13.1/STM32CubeIDE/plugins/com.st.stm32cube.ide.mcu.externaltools.gnu-tools-for-stm32.11.3.rel1.win32_1.1.0.202305231506/tools/bin/../lib/gcc/arm-none-eabi/11.3.1/../../../../arm-none-eabi/lib/thumb/v7e-m+fp/hard\libc_nano.a(libc_a-nano-vfprintf_i.o)
                0x000000000800f670                _printf_common
 *fill*         0x000000000800f74a        0x2 
 .text._printf_i
                0x000000000800f74c      0x244 C:/ST/STM32CubeIDE_1.13.1/STM32CubeIDE/plugins/com.st.stm32cube.ide.mcu.externaltools.gnu-tools-for-stm32.11.3.rel1.win32_1.1.0.202305231506/tools/bin/../lib/gcc/arm-none-eabi/11.3.1/../../../../arm-none-eabi/lib/thumb/v7e-m+fp/hard\libc_nano.a(libc_a-nano-vfprintf_i.o)
                0x000000000800f74c                _printf_i
 .text.__sflush_r
                0x000000000800f990      0x10c C:/ST/STM32CubeIDE_1.13.1/STM32CubeIDE/plugins/com.st.stm32cube.ide.mcu.externaltools.gnu-tools-for-stm32.11.3.rel1.win32_1.1.0.202305231506/tools/bin/../lib/gcc/arm-none-eabi/11.3.1/../../../../arm-none-eabi/lib/thumb/v7e-m+fp/hard\libc_nano.a(libc_a-fflush.o)
                0x000000000800f990                __sflush_r
 .text._fflush_r
                0x000000000800fa9c       0x50 C:/ST/STM32CubeIDE_1.13.1/STM32CubeIDE/plugins/com.st.stm32cube.ide.mcu.externaltools.gnu-tools-for-stm32.11.3.rel1.win32_1.1.0.202305231506/tools/bin/../lib/gcc/arm-none-eabi/11.3.1/../../../../arm-none-eabi/lib/thumb/v7e-m+fp/hard\libc_nano.a(libc_a-fflush.o)
                0x000000000800fa9c                _fflush_r
 .text.fprintf  0x000000000800faec       0x24 C:/ST/STM32CubeIDE_1.13.1/STM32CubeIDE/plugins/com.st.stm32cube.ide.mcu.externaltools.gnu-tools-for-stm32.11.3.rel1.win32_1.1.0.202305231506/tools/bin/../lib/gcc/arm-none-eabi/11.3.1/../../../../arm-none-eabi/lib/thumb/v7e-m+fp/hard\libc_nano.a(libc_a-fprintf.o)
                0x000000000800faec                fiprintf
                0x000000000800faec                fprintf
 .text.memmove  0x000000000800fb10       0x34 C:/ST/STM32CubeIDE_1.13.1/STM32CubeIDE/plugins/com.st.stm32cube.ide.mcu.externaltools.gnu-tools-for-stm32.11.3.rel1.win32_1.1.0.202305231506/tools/bin/../lib/gcc/arm-none-eabi/11.3.1/../../../../arm-none-eabi/lib/thumb/v7e-m+fp/hard\libc_nano.a(libc_a-memmove.o)
                0x000000000800fb10                memmove
 .text._sbrk_r  0x000000000800fb44       0x20 C:/ST/STM32CubeIDE_1.13.1/STM32CubeIDE/plugins/com.st.stm32cube.ide.mcu.externaltools.gnu-tools-for-stm32.11.3.rel1.win32_1.1.0.202305231506/tools/bin/../lib/gcc/arm-none-eabi/11.3.1/../../../../arm-none-eabi/lib/thumb/v7e-m+fp/hard\libc_nano.a(libc_a-sbrkr.o)
                0x000000000800fb44                _sbrk_r
 .text.memcpy   0x000000000800fb64       0x1c C:/ST/STM32CubeIDE_1.13.1/STM32CubeIDE/plugins/com.st.stm32cube.ide.mcu.externaltools.gnu-tools-for-stm32.11.3.rel1.win32_1.1.0.202305231506/tools/bin/../lib/gcc/arm-none-eabi/11.3.1/../../../../arm-none-eabi/lib/thumb/v7e-m+fp/hard\libc_nano.a(libc_a-memcpy-stub.o)
                0x000000000800fb64                memcpy
 .text.abort    0x000000000800fb80        0xe C:/ST/STM32CubeIDE_1.13.1/STM32CubeIDE/plugins/com.st.stm32cube.ide.mcu.externaltools.gnu-tools-for-stm32.11.3.rel1.win32_1.1.0.202305231506/tools/bin/../lib/gcc/arm-none-eabi/11.3.1/../../../../arm-none-eabi/lib/thumb/v7e-m+fp/hard\libc_nano.a(libc_a-abort.o)
                0x000000000800fb80                abort
 .text._realloc_r
                0x000000000800fb8e       0x5e C:/ST/STM32CubeIDE_1.13.1/STM32CubeIDE/plugins/com.st.stm32cube.ide.mcu.externaltools.gnu-tools-for-stm32.11.3.rel1.win32_1.1.0.202305231506/tools/bin/../lib/gcc/arm-none-eabi/11.3.1/../../../../arm-none-eabi/lib/thumb/v7e-m+fp/hard\libc_nano.a(libc_a-reallocr.o)
                0x000000000800fb8e                _realloc_r
 .text.__sfputc_r
                0x000000000800fbec       0x2e C:/ST/STM32CubeIDE_1.13.1/STM32CubeIDE/plugins/com.st.stm32cube.ide.mcu.externaltools.gnu-tools-for-stm32.11.3.rel1.win32_1.1.0.202305231506/tools/bin/../lib/gcc/arm-none-eabi/11.3.1/../../../../arm-none-eabi/lib/thumb/v7e-m+fp/hard\libc_nano.a(libc_a-nano-vfprintf.o)
 .text.__sfputs_r
                0x000000000800fc1a       0x24 C:/ST/STM32CubeIDE_1.13.1/STM32CubeIDE/plugins/com.st.stm32cube.ide.mcu.externaltools.gnu-tools-for-stm32.11.3.rel1.win32_1.1.0.202305231506/tools/bin/../lib/gcc/arm-none-eabi/11.3.1/../../../../arm-none-eabi/lib/thumb/v7e-m+fp/hard\libc_nano.a(libc_a-nano-vfprintf.o)
                0x000000000800fc1a                __sfputs_r
 *fill*         0x000000000800fc3e        0x2 
 .text._vfprintf_r
                0x000000000800fc40      0x234 C:/ST/STM32CubeIDE_1.13.1/STM32CubeIDE/plugins/com.st.stm32cube.ide.mcu.externaltools.gnu-tools-for-stm32.11.3.rel1.win32_1.1.0.202305231506/tools/bin/../lib/gcc/arm-none-eabi/11.3.1/../../../../arm-none-eabi/lib/thumb/v7e-m+fp/hard\libc_nano.a(libc_a-nano-vfprintf.o)
                0x000000000800fc40                _vfprintf_r
                0x000000000800fc40                _vfiprintf_r
 .text.__swbuf_r
                0x000000000800fe74       0x7a C:/ST/STM32CubeIDE_1.13.1/STM32CubeIDE/plugins/com.st.stm32cube.ide.mcu.externaltools.gnu-tools-for-stm32.11.3.rel1.win32_1.1.0.202305231506/tools/bin/../lib/gcc/arm-none-eabi/11.3.1/../../../../arm-none-eabi/lib/thumb/v7e-m+fp/hard\libc_nano.a(libc_a-wbuf.o)
                0x000000000800fe74                __swbuf_r
 *fill*         0x000000000800feee        0x2 
 .text.__swsetup_r
                0x000000000800fef0       0xb0 C:/ST/STM32CubeIDE_1.13.1/STM32CubeIDE/plugins/com.st.stm32cube.ide.mcu.externaltools.gnu-tools-for-stm32.11.3.rel1.win32_1.1.0.202305231506/tools/bin/../lib/gcc/arm-none-eabi/11.3.1/../../../../arm-none-eabi/lib/thumb/v7e-m+fp/hard\libc_nano.a(libc_a-wsetup.o)
                0x000000000800fef0                __swsetup_r
 .text._raise_r
                0x000000000800ffa0       0x50 C:/ST/STM32CubeIDE_1.13.1/STM32CubeIDE/plugins/com.st.stm32cube.ide.mcu.externaltools.gnu-tools-for-stm32.11.3.rel1.win32_1.1.0.202305231506/tools/bin/../lib/gcc/arm-none-eabi/11.3.1/../../../../arm-none-eabi/lib/thumb/v7e-m+fp/hard\libc_nano.a(libc_a-signal.o)
                0x000000000800ffa0                _raise_r
 .text.raise    0x000000000800fff0       0x10 C:/ST/STM32CubeIDE_1.13.1/STM32CubeIDE/plugins/com.st.stm32cube.ide.mcu.externaltools.gnu-tools-for-stm32.11.3.rel1.win32_1.1.0.202305231506/tools/bin/../lib/gcc/arm-none-eabi/11.3.1/../../../../arm-none-eabi/lib/thumb/v7e-m+fp/hard\libc_nano.a(libc_a-signal.o)
                0x000000000800fff0                raise
 .text._kill_r  0x0000000008010000       0x24 C:/ST/STM32CubeIDE_1.13.1/STM32CubeIDE/plugins/com.st.stm32cube.ide.mcu.externaltools.gnu-tools-for-stm32.11.3.rel1.win32_1.1.0.202305231506/tools/bin/../lib/gcc/arm-none-eabi/11.3.1/../../../../arm-none-eabi/lib/thumb/v7e-m+fp/hard\libc_nano.a(libc_a-signalr.o)
                0x0000000008010000                _kill_r
 .text._getpid_r
                0x0000000008010024        0x4 C:/ST/STM32CubeIDE_1.13.1/STM32CubeIDE/plugins/com.st.stm32cube.ide.mcu.externaltools.gnu-tools-for-stm32.11.3.rel1.win32_1.1.0.202305231506/tools/bin/../lib/gcc/arm-none-eabi/11.3.1/../../../../arm-none-eabi/lib/thumb/v7e-m+fp/hard\libc_nano.a(libc_a-signalr.o)
                0x0000000008010024                _getpid_r
 .text._malloc_usable_size_r
                0x0000000008010028       0x10 C:/ST/STM32CubeIDE_1.13.1/STM32CubeIDE/plugins/com.st.stm32cube.ide.mcu.externaltools.gnu-tools-for-stm32.11.3.rel1.win32_1.1.0.202305231506/tools/bin/../lib/gcc/arm-none-eabi/11.3.1/../../../../arm-none-eabi/lib/thumb/v7e-m+fp/hard\libc_nano.a(libc_a-msizer.o)
                0x0000000008010028                _malloc_usable_size_r
 .text.__swhatbuf_r
                0x0000000008010038       0x4c C:/ST/STM32CubeIDE_1.13.1/STM32CubeIDE/plugins/com.st.stm32cube.ide.mcu.externaltools.gnu-tools-for-stm32.11.3.rel1.win32_1.1.0.202305231506/tools/bin/../lib/gcc/arm-none-eabi/11.3.1/../../../../arm-none-eabi/lib/thumb/v7e-m+fp/hard\libc_nano.a(libc_a-makebuf.o)
                0x0000000008010038                __swhatbuf_r
 .text.__smakebuf_r
                0x0000000008010084       0x78 C:/ST/STM32CubeIDE_1.13.1/STM32CubeIDE/plugins/com.st.stm32cube.ide.mcu.externaltools.gnu-tools-for-stm32.11.3.rel1.win32_1.1.0.202305231506/tools/bin/../lib/gcc/arm-none-eabi/11.3.1/../../../../arm-none-eabi/lib/thumb/v7e-m+fp/hard\libc_nano.a(libc_a-makebuf.o)
                0x0000000008010084                __smakebuf_r
 .text._fstat_r
                0x00000000080100fc       0x24 C:/ST/STM32CubeIDE_1.13.1/STM32CubeIDE/plugins/com.st.stm32cube.ide.mcu.externaltools.gnu-tools-for-stm32.11.3.rel1.win32_1.1.0.202305231506/tools/bin/../lib/gcc/arm-none-eabi/11.3.1/../../../../arm-none-eabi/lib/thumb/v7e-m+fp/hard\libc_nano.a(libc_a-fstatr.o)
                0x00000000080100fc                _fstat_r
 .text._isatty_r
                0x0000000008010120       0x20 C:/ST/STM32CubeIDE_1.13.1/STM32CubeIDE/plugins/com.st.stm32cube.ide.mcu.externaltools.gnu-tools-for-stm32.11.3.rel1.win32_1.1.0.202305231506/tools/bin/../lib/gcc/arm-none-eabi/11.3.1/../../../../arm-none-eabi/lib/thumb/v7e-m+fp/hard\libc_nano.a(libc_a-isattyr.o)
                0x0000000008010120                _isatty_r
 *(.glue_7)
 .glue_7        0x0000000008010140        0x0 linker stubs
 *(.glue_7t)
 .glue_7t       0x0000000008010140        0x0 linker stubs
 *(.eh_frame)
 .eh_frame      0x0000000008010140        0x0 C:/ST/STM32CubeIDE_1.13.1/STM32CubeIDE/plugins/com.st.stm32cube.ide.mcu.externaltools.gnu-tools-for-stm32.11.3.rel1.win32_1.1.0.202305231506/tools/bin/../lib/gcc/arm-none-eabi/11.3.1/thumb/v7e-m+fp/hard/crtbegin.o
 *(.init)
 .init          0x0000000008010140        0x4 C:/ST/STM32CubeIDE_1.13.1/STM32CubeIDE/plugins/com.st.stm32cube.ide.mcu.externaltools.gnu-tools-for-stm32.11.3.rel1.win32_1.1.0.202305231506/tools/bin/../lib/gcc/arm-none-eabi/11.3.1/thumb/v7e-m+fp/hard/crti.o
                0x0000000008010140                _init
 .init          0x0000000008010144        0x8 C:/ST/STM32CubeIDE_1.13.1/STM32CubeIDE/plugins/com.st.stm32cube.ide.mcu.externaltools.gnu-tools-for-stm32.11.3.rel1.win32_1.1.0.202305231506/tools/bin/../lib/gcc/arm-none-eabi/11.3.1/thumb/v7e-m+fp/hard/crtn.o
 *(.fini)
 .fini          0x000000000801014c        0x4 C:/ST/STM32CubeIDE_1.13.1/STM32CubeIDE/plugins/com.st.stm32cube.ide.mcu.externaltools.gnu-tools-for-stm32.11.3.rel1.win32_1.1.0.202305231506/tools/bin/../lib/gcc/arm-none-eabi/11.3.1/thumb/v7e-m+fp/hard/crti.o
                0x000000000801014c                _fini
 .fini          0x0000000008010150        0x8 C:/ST/STM32CubeIDE_1.13.1/STM32CubeIDE/plugins/com.st.stm32cube.ide.mcu.externaltools.gnu-tools-for-stm32.11.3.rel1.win32_1.1.0.202305231506/tools/bin/../lib/gcc/arm-none-eabi/11.3.1/thumb/v7e-m+fp/hard/crtn.o
                0x0000000008010158                . = ALIGN (0x4)
                0x0000000008010158                _etext = .

.vfp11_veneer   0x0000000008010158        0x0
 .vfp11_veneer  0x0000000008010158        0x0 linker stubs

.v4_bx          0x0000000008010158        0x0
 .v4_bx         0x0000000008010158        0x0 linker stubs

.iplt           0x0000000008010158        0x0
 .iplt          0x0000000008010158        0x0 C:/ST/STM32CubeIDE_1.13.1/STM32CubeIDE/plugins/com.st.stm32cube.ide.mcu.externaltools.gnu-tools-for-stm32.11.3.rel1.win32_1.1.0.202305231506/tools/bin/../lib/gcc/arm-none-eabi/11.3.1/thumb/v7e-m+fp/hard/crtbegin.o

.rodata         0x0000000008010158      0xae8
                0x0000000008010158                . = ALIGN (0x4)
 *(.rodata)
 .rodata        0x0000000008010158      0x282 ./Core/Src/main.o
 *fill*         0x00000000080103da        0x2 
 .rodata        0x00000000080103dc      0x213 ./ESP8266/ESP8266_Chelo.o
 *fill*         0x00000000080105ef        0x1 
 .rodata        0x00000000080105f0       0x5d ./HTTP/http.o
 *fill*         0x000000000801064d        0x3 
 .rodata        0x0000000008010650      0x212 ./LoRa/RYLR896.o
 *fill*         0x0000000008010862        0x2 
 .rodata        0x0000000008010864      0x1ae ./STM32_ETH_W5100/ETH_W5100.o
 *fill*         0x0000000008010a12        0x2 
 .rodata        0x0000000008010a14        0xb ./STRING/STR_Chelo.o
 *(.rodata*)
 *fill*         0x0000000008010a1f        0x1 
 .rodata.AHBPrescTable
                0x0000000008010a20       0x10 ./Core/Src/system_stm32f4xx.o
                0x0000000008010a20                AHBPrescTable
 .rodata.APBPrescTable
                0x0000000008010a30        0x8 ./Core/Src/system_stm32f4xx.o
                0x0000000008010a30                APBPrescTable
 .rodata.__utoa.str1.1
                0x0000000008010a38       0x25 C:/ST/STM32CubeIDE_1.13.1/STM32CubeIDE/plugins/com.st.stm32cube.ide.mcu.externaltools.gnu-tools-for-stm32.11.3.rel1.win32_1.1.0.202305231506/tools/bin/../lib/gcc/arm-none-eabi/11.3.1/../../../../arm-none-eabi/lib/thumb/v7e-m+fp/hard\libc_nano.a(libc_a-utoa.o)
 .rodata._ctype_
                0x0000000008010a5d      0x101 C:/ST/STM32CubeIDE_1.13.1/STM32CubeIDE/plugins/com.st.stm32cube.ide.mcu.externaltools.gnu-tools-for-stm32.11.3.rel1.win32_1.1.0.202305231506/tools/bin/../lib/gcc/arm-none-eabi/11.3.1/../../../../arm-none-eabi/lib/thumb/v7e-m+fp/hard\libc_nano.a(libc_a-ctype_.o)
                0x0000000008010a5d                _ctype_
 .rodata.strtok.str1.1
                0x0000000008010b5e       0x71 C:/ST/STM32CubeIDE_1.13.1/STM32CubeIDE/plugins/com.st.stm32cube.ide.mcu.externaltools.gnu-tools-for-stm32.11.3.rel1.win32_1.1.0.202305231506/tools/bin/../lib/gcc/arm-none-eabi/11.3.1/../../../../arm-none-eabi/lib/thumb/v7e-m+fp/hard\libc_nano.a(libc_a-strtok.o)
 .rodata.__assert_func.str1.1
                0x0000000008010bcf       0x3c C:/ST/STM32CubeIDE_1.13.1/STM32CubeIDE/plugins/com.st.stm32cube.ide.mcu.externaltools.gnu-tools-for-stm32.11.3.rel1.win32_1.1.0.202305231506/tools/bin/../lib/gcc/arm-none-eabi/11.3.1/../../../../arm-none-eabi/lib/thumb/v7e-m+fp/hard\libc_nano.a(libc_a-assert.o)
                                         0x3d (size before relaxing)
 .rodata._svfprintf_r.str1.1
                0x0000000008010c0b       0x11 C:/ST/STM32CubeIDE_1.13.1/STM32CubeIDE/plugins/com.st.stm32cube.ide.mcu.externaltools.gnu-tools-for-stm32.11.3.rel1.win32_1.1.0.202305231506/tools/bin/../lib/gcc/arm-none-eabi/11.3.1/../../../../arm-none-eabi/lib/thumb/v7e-m+fp/hard\libc_nano.a(libc_a-nano-svfprintf.o)
 .rodata._printf_i.str1.1
                0x0000000008010c1c       0x22 C:/ST/STM32CubeIDE_1.13.1/STM32CubeIDE/plugins/com.st.stm32cube.ide.mcu.externaltools.gnu-tools-for-stm32.11.3.rel1.win32_1.1.0.202305231506/tools/bin/../lib/gcc/arm-none-eabi/11.3.1/../../../../arm-none-eabi/lib/thumb/v7e-m+fp/hard\libc_nano.a(libc_a-nano-vfprintf_i.o)
 .rodata._vfprintf_r.str1.1
                0x0000000008010c3e       0x11 C:/ST/STM32CubeIDE_1.13.1/STM32CubeIDE/plugins/com.st.stm32cube.ide.mcu.externaltools.gnu-tools-for-stm32.11.3.rel1.win32_1.1.0.202305231506/tools/bin/../lib/gcc/arm-none-eabi/11.3.1/../../../../arm-none-eabi/lib/thumb/v7e-m+fp/hard\libc_nano.a(libc_a-nano-vfprintf.o)
                0x0000000008010c50                . = ALIGN (0x4)
 *fill*         0x0000000008010c3e        0x2 

.ARM.extab      0x0000000008010c40        0x0
                0x0000000008010c40                . = ALIGN (0x4)
 *(.ARM.extab* .gnu.linkonce.armextab.*)
                0x0000000008010c40                . = ALIGN (0x4)

.ARM            0x0000000008010c40        0x8
                0x0000000008010c40                . = ALIGN (0x4)
                0x0000000008010c40                __exidx_start = .
 *(.ARM.exidx*)
 .ARM.exidx     0x0000000008010c40        0x8 C:/ST/STM32CubeIDE_1.13.1/STM32CubeIDE/plugins/com.st.stm32cube.ide.mcu.externaltools.gnu-tools-for-stm32.11.3.rel1.win32_1.1.0.202305231506/tools/bin/../lib/gcc/arm-none-eabi/11.3.1/thumb/v7e-m+fp/hard\libgcc.a(_udivmoddi4.o)
                0x0000000008010c48                __exidx_end = .
                0x0000000008010c48                . = ALIGN (0x4)

.rel.dyn        0x0000000008010c48        0x0
 .rel.iplt      0x0000000008010c48        0x0 C:/ST/STM32CubeIDE_1.13.1/STM32CubeIDE/plugins/com.st.stm32cube.ide.mcu.externaltools.gnu-tools-for-stm32.11.3.rel1.win32_1.1.0.202305231506/tools/bin/../lib/gcc/arm-none-eabi/11.3.1/thumb/v7e-m+fp/hard/crtbegin.o

.preinit_array  0x0000000008010c48        0x0
                0x0000000008010c48                . = ALIGN (0x4)
                0x0000000008010c48                PROVIDE (__preinit_array_start = .)
 *(.preinit_array*)
                0x0000000008010c48                PROVIDE (__preinit_array_end = .)
                0x0000000008010c48                . = ALIGN (0x4)

.init_array     0x0000000008010c48        0x4
                0x0000000008010c48                . = ALIGN (0x4)
                0x0000000008010c48                PROVIDE (__init_array_start = .)
 *(SORT_BY_NAME(.init_array.*))
 *(.init_array*)
 .init_array    0x0000000008010c48        0x4 C:/ST/STM32CubeIDE_1.13.1/STM32CubeIDE/plugins/com.st.stm32cube.ide.mcu.externaltools.gnu-tools-for-stm32.11.3.rel1.win32_1.1.0.202305231506/tools/bin/../lib/gcc/arm-none-eabi/11.3.1/thumb/v7e-m+fp/hard/crtbegin.o
                0x0000000008010c4c                PROVIDE (__init_array_end = .)
                0x0000000008010c4c                . = ALIGN (0x4)

.fini_array     0x0000000008010c4c        0x4
                0x0000000008010c4c                . = ALIGN (0x4)
                [!provide]                        PROVIDE (__fini_array_start = .)
 *(SORT_BY_NAME(.fini_array.*))
 *(.fini_array*)
 .fini_array    0x0000000008010c4c        0x4 C:/ST/STM32CubeIDE_1.13.1/STM32CubeIDE/plugins/com.st.stm32cube.ide.mcu.externaltools.gnu-tools-for-stm32.11.3.rel1.win32_1.1.0.202305231506/tools/bin/../lib/gcc/arm-none-eabi/11.3.1/thumb/v7e-m+fp/hard/crtbegin.o
                [!provide]                        PROVIDE (__fini_array_end = .)
                0x0000000008010c50                . = ALIGN (0x4)
                0x0000000008010c50                _sidata = LOADADDR (.data)

.data           0x0000000020000000      0x148 load address 0x0000000008010c50
                0x0000000020000000                . = ALIGN (0x4)
                0x0000000020000000                _sdata = .
 *(.data)
 *(.data*)
 .data.ENDPOINT
                0x0000000020000000        0x9 ./Core/Src/main.o
                0x0000000020000000                ENDPOINT
 *fill*         0x0000000020000009        0x3 
 .data.SERVER_IP
                0x000000002000000c        0xd ./Core/Src/main.o
                0x000000002000000c                SERVER_IP
 *fill*         0x0000000020000019        0x3 
 .data.PORT     0x000000002000001c        0x5 ./Core/Src/main.o
                0x000000002000001c                PORT
 .data.ETH_DBG_EN
                0x0000000020000021        0x1 ./Core/Src/main.o
                0x0000000020000021                ETH_DBG_EN
 *fill*         0x0000000020000022        0x2 
 .data.WIFI_NET
                0x0000000020000024        0x8 ./Core/Src/main.o
                0x0000000020000024                WIFI_NET
 .data.WIFI_PASS
                0x000000002000002c        0x9 ./Core/Src/main.o
                0x000000002000002c                WIFI_PASS
 *fill*         0x0000000020000035        0x3 
 .data.TCP_SERVER
                0x0000000020000038        0xd ./Core/Src/main.o
                0x0000000020000038                TCP_SERVER
 *fill*         0x0000000020000045        0x3 
 .data.TCP_PORT
                0x0000000020000048        0x5 ./Core/Src/main.o
                0x0000000020000048                TCP_PORT
 *fill*         0x000000002000004d        0x3 
 .data.TCP_SERVER_LOCAL
                0x0000000020000050        0xd ./Core/Src/main.o
                0x0000000020000050                TCP_SERVER_LOCAL
 *fill*         0x000000002000005d        0x3 
 .data.TCP_SERVER_LOCAL_GWY
                0x0000000020000060        0xd ./Core/Src/main.o
                0x0000000020000060                TCP_SERVER_LOCAL_GWY
 *fill*         0x000000002000006d        0x3 
 .data.TCP_SERVER_LOCAL_MSK
                0x0000000020000070        0xe ./Core/Src/main.o
                0x0000000020000070                TCP_SERVER_LOCAL_MSK
 *fill*         0x000000002000007e        0x2 
 .data.TCP_PORT_LOCAL
                0x0000000020000080        0x4 ./Core/Src/main.o
                0x0000000020000080                TCP_PORT_LOCAL
 .data.SystemCoreClock
                0x0000000020000084        0x4 ./Core/Src/system_stm32f4xx.o
                0x0000000020000084                SystemCoreClock
 .data.uwTickPrio
                0x0000000020000088        0x4 ./Drivers/STM32F4xx_HAL_Driver/Src/stm32f4xx_hal.o
                0x0000000020000088                uwTickPrio
 .data.uwTickFreq
                0x000000002000008c        0x1 ./Drivers/STM32F4xx_HAL_Driver/Src/stm32f4xx_hal.o
                0x000000002000008c                uwTickFreq
 *fill*         0x000000002000008d        0x3 
 .data.dd1      0x0000000020000090        0x7 ./HTTP/http.o
                0x0000000020000090                dd1
 *fill*         0x0000000020000097        0x1 
 .data.dd2      0x0000000020000098        0x7 ./HTTP/http.o
                0x0000000020000098                dd2
 *fill*         0x000000002000009f        0x1 
 .data.dd3      0x00000000200000a0        0x7 ./HTTP/http.o
                0x00000000200000a0                dd3
 *fill*         0x00000000200000a7        0x1 
 .data.dd4      0x00000000200000a8        0x7 ./HTTP/http.o
                0x00000000200000a8                dd4
 *fill*         0x00000000200000af        0x1 
 .data.dd5      0x00000000200000b0        0x7 ./HTTP/http.o
                0x00000000200000b0                dd5
 *fill*         0x00000000200000b7        0x1 
 .data.dd6      0x00000000200000b8        0x7 ./HTTP/http.o
                0x00000000200000b8                dd6
 *fill*         0x00000000200000bf        0x1 
 .data.dd7      0x00000000200000c0        0x7 ./HTTP/http.o
                0x00000000200000c0                dd7
 *fill*         0x00000000200000c7        0x1 
 .data.dd8      0x00000000200000c8        0x7 ./HTTP/http.o
                0x00000000200000c8                dd8
 *fill*         0x00000000200000cf        0x1 
 .data.dd9      0x00000000200000d0        0x7 ./HTTP/http.o
                0x00000000200000d0                dd9
 *fill*         0x00000000200000d7        0x1 
 .data.dd10     0x00000000200000d8        0x8 ./HTTP/http.o
                0x00000000200000d8                dd10
 .data.deviceId
                0x00000000200000e0        0xa ./HTTP/http.o
                0x00000000200000e0                deviceId
 *fill*         0x00000000200000ea        0x2 
 .data.__sglue  0x00000000200000ec        0xc C:/ST/STM32CubeIDE_1.13.1/STM32CubeIDE/plugins/com.st.stm32cube.ide.mcu.externaltools.gnu-tools-for-stm32.11.3.rel1.win32_1.1.0.202305231506/tools/bin/../lib/gcc/arm-none-eabi/11.3.1/../../../../arm-none-eabi/lib/thumb/v7e-m+fp/hard\libc_nano.a(libc_a-findfp.o)
                0x00000000200000ec                __sglue
 .data._impure_data
                0x00000000200000f8       0x4c C:/ST/STM32CubeIDE_1.13.1/STM32CubeIDE/plugins/com.st.stm32cube.ide.mcu.externaltools.gnu-tools-for-stm32.11.3.rel1.win32_1.1.0.202305231506/tools/bin/../lib/gcc/arm-none-eabi/11.3.1/../../../../arm-none-eabi/lib/thumb/v7e-m+fp/hard\libc_nano.a(libc_a-impure.o)
                0x00000000200000f8                _impure_data
 .data._impure_ptr
                0x0000000020000144        0x4 C:/ST/STM32CubeIDE_1.13.1/STM32CubeIDE/plugins/com.st.stm32cube.ide.mcu.externaltools.gnu-tools-for-stm32.11.3.rel1.win32_1.1.0.202305231506/tools/bin/../lib/gcc/arm-none-eabi/11.3.1/../../../../arm-none-eabi/lib/thumb/v7e-m+fp/hard\libc_nano.a(libc_a-impure.o)
                0x0000000020000144                _impure_ptr
 *(.RamFunc)
 *(.RamFunc*)
                0x0000000020000148                . = ALIGN (0x4)
                0x0000000020000148                _edata = .

.igot.plt       0x0000000020000148        0x0 load address 0x0000000008010d98
 .igot.plt      0x0000000020000148        0x0 C:/ST/STM32CubeIDE_1.13.1/STM32CubeIDE/plugins/com.st.stm32cube.ide.mcu.externaltools.gnu-tools-for-stm32.11.3.rel1.win32_1.1.0.202305231506/tools/bin/../lib/gcc/arm-none-eabi/11.3.1/thumb/v7e-m+fp/hard/crtbegin.o
                0x0000000020000148                . = ALIGN (0x4)

.bss            0x0000000020000148     0x3e2c load address 0x0000000008010d98
                0x0000000020000148                _sbss = .
                0x0000000020000148                __bss_start__ = _sbss
 *(.bss)
 .bss           0x0000000020000148       0x1c C:/ST/STM32CubeIDE_1.13.1/STM32CubeIDE/plugins/com.st.stm32cube.ide.mcu.externaltools.gnu-tools-for-stm32.11.3.rel1.win32_1.1.0.202305231506/tools/bin/../lib/gcc/arm-none-eabi/11.3.1/thumb/v7e-m+fp/hard/crtbegin.o
 *(.bss*)
 .bss.hspi1     0x0000000020000164       0x58 ./Core/Src/main.o
                0x0000000020000164                hspi1
 .bss.htim2     0x00000000200001bc       0x48 ./Core/Src/main.o
                0x00000000200001bc                htim2
 .bss.htim3     0x0000000020000204       0x48 ./Core/Src/main.o
                0x0000000020000204                htim3
 .bss.huart1    0x000000002000024c       0x44 ./Core/Src/main.o
                0x000000002000024c                huart1
 .bss.huart2    0x0000000020000290       0x44 ./Core/Src/main.o
                0x0000000020000290                huart2
 .bss.huart6    0x00000000200002d4       0x44 ./Core/Src/main.o
                0x00000000200002d4                huart6
 .bss.ms_ticks  0x0000000020000318        0x4 ./Core/Src/main.o
                0x0000000020000318                ms_ticks
 .bss.min_ticks
                0x000000002000031c        0x4 ./Core/Src/main.o
                0x000000002000031c                min_ticks
 .bss.lr        0x0000000020000320      0x804 ./Core/Src/main.o
                0x0000000020000320                lr
 .bss.error     0x0000000020000b24        0x1 ./Core/Src/main.o
                0x0000000020000b24                error
 *fill*         0x0000000020000b25        0x3 
 .bss.wf        0x0000000020000b28      0xd4c ./Core/Src/main.o
                0x0000000020000b28                wf
 .bss.mb_eth    0x0000000020001874      0x54c ./Core/Src/main.o
                0x0000000020001874                mb_eth
 .bss.mb_wf     0x0000000020001dc0      0x54c ./Core/Src/main.o
                0x0000000020001dc0                mb_wf
 .bss.post      0x000000002000230c      0x200 ./Core/Src/main.o
                0x000000002000230c                post
 .bss.body      0x000000002000250c      0x200 ./Core/Src/main.o
                0x000000002000250c                body
 .bss.WF_SND_FLAG
                0x000000002000270c        0x1 ./Core/Src/main.o
                0x000000002000270c                WF_SND_FLAG
 *fill*         0x000000002000270d        0x3 
 .bss.wf_snd_flag_ticks
                0x0000000020002710        0x4 ./Core/Src/main.o
                0x0000000020002710                wf_snd_flag_ticks
 .bss.ETH       0x0000000020002714     0x1068 ./Core/Src/main.o
                0x0000000020002714                ETH
 .bss.S0_get_size
                0x000000002000377c        0x2 ./Core/Src/main.o
                0x000000002000377c                S0_get_size
 .bss.tx_mem_pointer
                0x000000002000377e        0x2 ./Core/Src/main.o
                0x000000002000377e                tx_mem_pointer
 .bss.rx_mem_pointer
                0x0000000020003780        0x2 ./Core/Src/main.o
                0x0000000020003780                rx_mem_pointer
 .bss.send_size
                0x0000000020003782        0x2 ./Core/Src/main.o
                0x0000000020003782                send_size
 .bss.spi_Data  0x0000000020003784       0x40 ./Core/Src/main.o
                0x0000000020003784                spi_Data
 .bss.spi_no_debug
                0x00000000200037c4        0x1 ./Core/Src/main.o
                0x00000000200037c4                spi_no_debug
 .bss.ESP_REinit
                0x00000000200037c5        0x1 ./Core/Src/main.o
                0x00000000200037c5                ESP_REinit
 .bss.ESP_InitF
                0x00000000200037c6        0x1 ./Core/Src/main.o
                0x00000000200037c6                ESP_InitF
 .bss.ESP_HW_Init
                0x00000000200037c7        0x1 ./Core/Src/main.o
                0x00000000200037c7                ESP_HW_Init
 .bss.EN_UART1_TMR
                0x00000000200037c8        0x1 ./Core/Src/main.o
                0x00000000200037c8                EN_UART1_TMR
 .bss.EN_UART2_TMR
                0x00000000200037c9        0x1 ./Core/Src/main.o
                0x00000000200037c9                EN_UART2_TMR
 .bss.EN_USART1_TMR
                0x00000000200037ca        0x1 ./Core/Src/main.o
                0x00000000200037ca                EN_USART1_TMR
 .bss.FLAG_TIMEOUT
                0x00000000200037cb        0x1 ./Core/Src/main.o
                0x00000000200037cb                FLAG_TIMEOUT
 .bss.FLAG_UART1
                0x00000000200037cc        0x1 ./Core/Src/main.o
                0x00000000200037cc                FLAG_UART1
 .bss.FLAG_UART2
                0x00000000200037cd        0x1 ./Core/Src/main.o
                0x00000000200037cd                FLAG_UART2
 .bss.resultado
                0x00000000200037ce        0x1 ./Core/Src/main.o
                0x00000000200037ce                resultado
 .bss.error_rxdata
                0x00000000200037cf        0x1 ./Core/Src/main.o
                0x00000000200037cf                error_rxdata
 .bss.esp_restart
                0x00000000200037d0        0x1 ./Core/Src/main.o
                0x00000000200037d0                esp_restart
 .bss.conexion  0x00000000200037d1        0x1 ./Core/Src/main.o
                0x00000000200037d1                conexion
 .bss.asc       0x00000000200037d2        0x1 ./Core/Src/main.o
                0x00000000200037d2                asc
 *fill*         0x00000000200037d3        0x1 
 .bss.SPI_READ_EN
                0x00000000200037d4        0x4 ./Core/Src/main.o
                0x00000000200037d4                SPI_READ_EN
 .bss.UART_RX_vect
                0x00000000200037d8      0x200 ./Core/Src/main.o
                0x00000000200037d8                UART_RX_vect
 .bss.UART2_RX_vect
                0x00000000200039d8      0x200 ./Core/Src/main.o
                0x00000000200039d8                UART2_RX_vect
 .bss.UART_RX_vect_hld
                0x0000000020003bd8      0x200 ./Core/Src/main.o
                0x0000000020003bd8                UART_RX_vect_hld
 .bss.CMP_VECT  0x0000000020003dd8        0x2 ./Core/Src/main.o
                0x0000000020003dd8                CMP_VECT
 *fill*         0x0000000020003dda        0x2 
 .bss.UART_RX_byte
                0x0000000020003ddc        0x2 ./Core/Src/main.o
                0x0000000020003ddc                UART_RX_byte
 *fill*         0x0000000020003dde        0x2 
 .bss.UART2_RX_byte
                0x0000000020003de0        0x8 ./Core/Src/main.o
                0x0000000020003de0                UART2_RX_byte
 .bss.UART_RX_items
                0x0000000020003de8        0x4 ./Core/Src/main.o
                0x0000000020003de8                UART_RX_items
 .bss.UART2_RX_items
                0x0000000020003dec        0x4 ./Core/Src/main.o
                0x0000000020003dec                UART2_RX_items
 .bss.ESP_ticks
                0x0000000020003df0        0x4 ./Core/Src/main.o
                0x0000000020003df0                ESP_ticks
 .bss.MBUS_ticks
                0x0000000020003df4        0x4 ./Core/Src/main.o
                0x0000000020003df4                MBUS_ticks
 .bss.MB_TOUT_ticks
                0x0000000020003df8        0x4 ./Core/Src/main.o
                0x0000000020003df8                MB_TOUT_ticks
 .bss.ticks     0x0000000020003dfc        0x4 ./Core/Src/main.o
                0x0000000020003dfc                ticks
 .bss.ntestc    0x0000000020003e00        0x4 ./Core/Src/main.o
                0x0000000020003e00                ntestc
 .bss.uart1pass
                0x0000000020003e04        0x4 ./Core/Src/main.o
                0x0000000020003e04                uart1pass
 .bss.USART1_ticks
                0x0000000020003e08        0x4 ./Core/Src/main.o
                0x0000000020003e08                USART1_ticks
 .bss.FLAG_USART1
                0x0000000020003e0c        0x4 ./Core/Src/main.o
                0x0000000020003e0c                FLAG_USART1
 .bss.items_rx  0x0000000020003e10        0x4 ./Core/Src/main.o
                0x0000000020003e10                items_rx
 .bss.UART_RX_pos
                0x0000000020003e14        0x4 ./Core/Src/main.o
                0x0000000020003e14                UART_RX_pos
 .bss.UART2_RX_pos
                0x0000000020003e18        0x4 ./Core/Src/main.o
                0x0000000020003e18                UART2_RX_pos
 .bss.dbgn      0x0000000020003e1c        0x4 ./Core/Src/main.o
                0x0000000020003e1c                dbgn
 .bss.__sbrk_heap_end
                0x0000000020003e20        0x4 ./Core/Src/sysmem.o
 .bss.uwTick    0x0000000020003e24        0x4 ./Drivers/STM32F4xx_HAL_Driver/Src/stm32f4xx_hal.o
                0x0000000020003e24                uwTick
 .bss.__sf      0x0000000020003e28      0x138 C:/ST/STM32CubeIDE_1.13.1/STM32CubeIDE/plugins/com.st.stm32cube.ide.mcu.externaltools.gnu-tools-for-stm32.11.3.rel1.win32_1.1.0.202305231506/tools/bin/../lib/gcc/arm-none-eabi/11.3.1/../../../../arm-none-eabi/lib/thumb/v7e-m+fp/hard\libc_nano.a(libc_a-findfp.o)
                0x0000000020003e28                __sf
 .bss.__stdio_exit_handler
                0x0000000020003f60        0x4 C:/ST/STM32CubeIDE_1.13.1/STM32CubeIDE/plugins/com.st.stm32cube.ide.mcu.externaltools.gnu-tools-for-stm32.11.3.rel1.win32_1.1.0.202305231506/tools/bin/../lib/gcc/arm-none-eabi/11.3.1/../../../../arm-none-eabi/lib/thumb/v7e-m+fp/hard\libc_nano.a(libc_a-findfp.o)
                0x0000000020003f60                __stdio_exit_handler
 .bss.errno     0x0000000020003f64        0x4 C:/ST/STM32CubeIDE_1.13.1/STM32CubeIDE/plugins/com.st.stm32cube.ide.mcu.externaltools.gnu-tools-for-stm32.11.3.rel1.win32_1.1.0.202305231506/tools/bin/../lib/gcc/arm-none-eabi/11.3.1/../../../../arm-none-eabi/lib/thumb/v7e-m+fp/hard\libc_nano.a(libc_a-reent.o)
                0x0000000020003f64                errno
 .bss.__lock___malloc_recursive_mutex
                0x0000000020003f68        0x1 C:/ST/STM32CubeIDE_1.13.1/STM32CubeIDE/plugins/com.st.stm32cube.ide.mcu.externaltools.gnu-tools-for-stm32.11.3.rel1.win32_1.1.0.202305231506/tools/bin/../lib/gcc/arm-none-eabi/11.3.1/../../../../arm-none-eabi/lib/thumb/v7e-m+fp/hard\libc_nano.a(libc_a-lock.o)
                0x0000000020003f68                __lock___malloc_recursive_mutex
 .bss.__lock___sfp_recursive_mutex
                0x0000000020003f69        0x1 C:/ST/STM32CubeIDE_1.13.1/STM32CubeIDE/plugins/com.st.stm32cube.ide.mcu.externaltools.gnu-tools-for-stm32.11.3.rel1.win32_1.1.0.202305231506/tools/bin/../lib/gcc/arm-none-eabi/11.3.1/../../../../arm-none-eabi/lib/thumb/v7e-m+fp/hard\libc_nano.a(libc_a-lock.o)
                0x0000000020003f69                __lock___sfp_recursive_mutex
 *fill*         0x0000000020003f6a        0x2 
 .bss.__malloc_free_list
                0x0000000020003f6c        0x4 C:/ST/STM32CubeIDE_1.13.1/STM32CubeIDE/plugins/com.st.stm32cube.ide.mcu.externaltools.gnu-tools-for-stm32.11.3.rel1.win32_1.1.0.202305231506/tools/bin/../lib/gcc/arm-none-eabi/11.3.1/../../../../arm-none-eabi/lib/thumb/v7e-m+fp/hard\libc_nano.a(libc_a-mallocr.o)
                0x0000000020003f6c                __malloc_free_list
 .bss.__malloc_sbrk_start
                0x0000000020003f70        0x4 C:/ST/STM32CubeIDE_1.13.1/STM32CubeIDE/plugins/com.st.stm32cube.ide.mcu.externaltools.gnu-tools-for-stm32.11.3.rel1.win32_1.1.0.202305231506/tools/bin/../lib/gcc/arm-none-eabi/11.3.1/../../../../arm-none-eabi/lib/thumb/v7e-m+fp/hard\libc_nano.a(libc_a-mallocr.o)
                0x0000000020003f70                __malloc_sbrk_start
 *(COMMON)
                0x0000000020003f74                . = ALIGN (0x4)
                0x0000000020003f74                _ebss = .
                0x0000000020003f74                __bss_end__ = _ebss

._user_heap_stack
                0x0000000020003f74      0x604 load address 0x0000000008010d98
                0x0000000020003f78                . = ALIGN (0x8)
 *fill*         0x0000000020003f74        0x4 
                [!provide]                        PROVIDE (end = .)
                0x0000000020003f78                PROVIDE (_end = .)
                0x0000000020004178                . = (. + _Min_Heap_Size)
 *fill*         0x0000000020003f78      0x200 
                0x0000000020004578                . = (. + _Min_Stack_Size)
 *fill*         0x0000000020004178      0x400 
                0x0000000020004578                . = ALIGN (0x8)

/DISCARD/
 libc.a(*)
 libm.a(*)
 libgcc.a(*)

.ARM.attributes
                0x0000000000000000       0x30
 *(.ARM.attributes)
 .ARM.attributes
                0x0000000000000000       0x1e C:/ST/STM32CubeIDE_1.13.1/STM32CubeIDE/plugins/com.st.stm32cube.ide.mcu.externaltools.gnu-tools-for-stm32.11.3.rel1.win32_1.1.0.202305231506/tools/bin/../lib/gcc/arm-none-eabi/11.3.1/thumb/v7e-m+fp/hard/crti.o
 .ARM.attributes
                0x000000000000001e       0x34 C:/ST/STM32CubeIDE_1.13.1/STM32CubeIDE/plugins/com.st.stm32cube.ide.mcu.externaltools.gnu-tools-for-stm32.11.3.rel1.win32_1.1.0.202305231506/tools/bin/../lib/gcc/arm-none-eabi/11.3.1/thumb/v7e-m+fp/hard/crtbegin.o
 .ARM.attributes
                0x0000000000000052       0x34 ./Core/Src/main.o
 .ARM.attributes
                0x0000000000000086       0x34 ./Core/Src/stm32f4xx_hal_msp.o
 .ARM.attributes
                0x00000000000000ba       0x34 ./Core/Src/stm32f4xx_it.o
 .ARM.attributes
                0x00000000000000ee       0x34 ./Core/Src/syscalls.o
 .ARM.attributes
                0x0000000000000122       0x34 ./Core/Src/sysmem.o
 .ARM.attributes
                0x0000000000000156       0x34 ./Core/Src/system_stm32f4xx.o
 .ARM.attributes
                0x000000000000018a       0x21 ./Core/Startup/startup_stm32f411ceux.o
 .ARM.attributes
                0x00000000000001ab       0x34 ./Drivers/STM32F4xx_HAL_Driver/Src/stm32f4xx_hal.o
 .ARM.attributes
                0x00000000000001df       0x34 ./Drivers/STM32F4xx_HAL_Driver/Src/stm32f4xx_hal_cortex.o
 .ARM.attributes
                0x0000000000000213       0x34 ./Drivers/STM32F4xx_HAL_Driver/Src/stm32f4xx_hal_dma.o
 .ARM.attributes
                0x0000000000000247       0x34 ./Drivers/STM32F4xx_HAL_Driver/Src/stm32f4xx_hal_gpio.o
 .ARM.attributes
                0x000000000000027b       0x34 ./Drivers/STM32F4xx_HAL_Driver/Src/stm32f4xx_hal_rcc.o
 .ARM.attributes
                0x00000000000002af       0x34 ./Drivers/STM32F4xx_HAL_Driver/Src/stm32f4xx_hal_spi.o
 .ARM.attributes
                0x00000000000002e3       0x34 ./Drivers/STM32F4xx_HAL_Driver/Src/stm32f4xx_hal_tim.o
 .ARM.attributes