C:/STM32-IDE/STM32-LIBRARY/ESP8266/ESP8266_Chelo.c:20:6:HW_RESET	16	static
C:/STM32-IDE/STM32-LIBRARY/ESP8266/ESP8266_Chelo.c:28:6:NOP	16	static
C:/STM32-IDE/STM32-LIBRARY/ESP8266/ESP8266_Chelo.c:34:6:Cambiar_CWMODE	16	static
C:/STM32-IDE/STM32-LIBRARY/ESP8266/ESP8266_Chelo.c:40:6:ServerTCP	16	static
C:/STM32-IDE/STM32-LIBRARY/ESP8266/ESP8266_Chelo.c:46:6:ConectarWIFI	16	static
C:/STM32-IDE/STM32-LIBRARY/ESP8266/ESP8266_Chelo.c:52:6:MUX	16	static
C:/STM32-IDE/STM32-LIBRARY/ESP8266/ESP8266_Chelo.c:58:6:IPDef	16	static
C:/STM32-IDE/STM32-LIBRARY/ESP8266/ESP8266_Chelo.c:64:6:DesconectarWIFI	16	static
C:/STM32-IDE/STM32-LIBRARY/ESP8266/ESP8266_Chelo.c:70:6:ConectarTCP	16	static
C:/STM32-IDE/STM32-LIBRARY/ESP8266/ESP8266_Chelo.c:76:6:CrearServidorTCP	16	static
C:/STM32-IDE/STM32-LIBRARY/ESP8266/ESP8266_Chelo.c:82:6:EnviarDatosSRVR	16	static
C:/STM32-IDE/STM32-LIBRARY/ESP8266/ESP8266_Chelo.c:88:6:DesconectarTCP	16	static
C:/STM32-IDE/STM32-LIBRARY/ESP8266/ESP8266_Chelo.c:94:6:EnviarDatos	16	static
C:/STM32-IDE/STM32-LIBRARY/ESP8266/ESP8266_Chelo.c:100:6:Inicializar	16	static
C:/STM32-IDE/STM32-LIBRARY/ESP8266/ESP8266_Chelo.c:156:5:AT_ESP8266_ND	640	static
C:/STM32-IDE/STM32-LIBRARY/ESP8266/ESP8266_Chelo.c:909:7:AT_Enviar_String	56	static
C:/STM32-IDE/STM32-LIBRARY/ESP8266/ESP8266_Chelo.c:943:5:WiFi_Conn_ND	24	static
