../Drivers/CMSIS/Include/core_cm4.h:1816:22:__NVIC_SetPriority	16	static
../Drivers/CMSIS/Include/core_cm4.h:2022:26:SysTick_Config	16	static
../Drivers/CMSIS/Include/core_cm4.h:2064:26:ITM_SendChar	16	static,ignoring_inline_asm
../Core/Src/main.c:216:5:main	24	static
../Core/Src/main.c:610:6:SystemClock_Config	88	static
../Core/Src/main.c:656:13:MX_SPI1_Init	8	static
../Core/Src/main.c:694:13:MX_TIM2_Init	64	static
../Core/Src/main.c:756:13:MX_TIM3_Init	64	static
../Core/Src/main.c:818:13:MX_USART1_UART_Init	8	static
../Core/Src/main.c:851:13:MX_USART2_UART_Init	8	static
../Core/Src/main.c:884:13:MX_USART6_UART_Init	8	static
../Core/Src/main.c:917:13:MX_GPIO_Init	48	static
../Core/Src/main.c:965:5:ITM0_Write	24	static
../Core/Src/main.c:976:6:SysTick_Handler	16	static
../Core/Src/main.c:1347:6:HAL_UART_ErrorCallback	32	static
../Core/Src/main.c:1390:6:HAL_TIM_ErrorCallback	16	static
../Core/Src/main.c:1397:6:HAL_UART_RxCpltCallback	16	static
../Core/Src/main.c:1425:6:HAL_TIM_OC_DelayElapsedCallback	24	static
../Core/Src/main.c:1469:6:ESP8266_HW_Reset	8	static
../Core/Src/main.c:1533:6:BorrarVect	4	static
../Core/Src/main.c:1546:6:Error_Handler	4	static,ignoring_inline_asm
